../Core/Src/main.c:59:6:HAL_CAN_TxMailbox0CompleteCallback	16	static
../Core/Src/main.c:65:6:HAL_CAN_RxFifo0MsgPendingCallback	16	static
../Core/Src/main.c:72:6:HAL_CAN_ErrorCallback	16	static
../Core/Src/main.c:101:6:CAN_TX	56	static
../Core/Src/main.c:145:6:CAN_RX_Filter_init	56	static
../Core/Src/main.c:168:6:CAN_RX	56	static
../Core/Src/main.c:204:5:main	8	static
../Core/Src/main.c:268:6:SystemClock_Config	72	static
../Core/Src/main.c:305:13:MX_CAN_Init	8	static
../Core/Src/main.c:342:13:MX_GPIO_Init	16	static
../Core/Src/main.c:362:6:Error_Handler	4	static,ignoring_inline_asm
