Archive member included to satisfy reference by file (symbol)

c:/st/stm32cubeide_1.12.0/stm32cubeide/plugins/com.st.stm32cube.ide.mcu.externaltools.gnu-tools-for-stm32.10.3-2021.10.win32_1.0.200.202301161003/tools/bin/../lib/gcc/arm-none-eabi/10.3.1/../../../../arm-none-eabi/lib/thumb/v7-m/nofp\libc_nano.a(lib_a-errno.o)
                              ./Src/syscalls.o (__errno)
c:/st/stm32cubeide_1.12.0/stm32cubeide/plugins/com.st.stm32cube.ide.mcu.externaltools.gnu-tools-for-stm32.10.3-2021.10.win32_1.0.200.202301161003/tools/bin/../lib/gcc/arm-none-eabi/10.3.1/../../../../arm-none-eabi/lib/thumb/v7-m/nofp\libc_nano.a(lib_a-exit.o)
                              c:/st/stm32cubeide_1.12.0/stm32cubeide/plugins/com.st.stm32cube.ide.mcu.externaltools.gnu-tools-for-stm32.10.3-2021.10.win32_1.0.200.202301161003/tools/bin/../lib/gcc/arm-none-eabi/10.3.1/../../../../arm-none-eabi/lib/thumb/v7-m/nofp/crt0.o (exit)
c:/st/stm32cubeide_1.12.0/stm32cubeide/plugins/com.st.stm32cube.ide.mcu.externaltools.gnu-tools-for-stm32.10.3-2021.10.win32_1.0.200.202301161003/tools/bin/../lib/gcc/arm-none-eabi/10.3.1/../../../../arm-none-eabi/lib/thumb/v7-m/nofp\libc_nano.a(lib_a-impure.o)
                              c:/st/stm32cubeide_1.12.0/stm32cubeide/plugins/com.st.stm32cube.ide.mcu.externaltools.gnu-tools-for-stm32.10.3-2021.10.win32_1.0.200.202301161003/tools/bin/../lib/gcc/arm-none-eabi/10.3.1/../../../../arm-none-eabi/lib/thumb/v7-m/nofp\libc_nano.a(lib_a-exit.o) (_global_impure_ptr)
c:/st/stm32cubeide_1.12.0/stm32cubeide/plugins/com.st.stm32cube.ide.mcu.externaltools.gnu-tools-for-stm32.10.3-2021.10.win32_1.0.200.202301161003/tools/bin/../lib/gcc/arm-none-eabi/10.3.1/../../../../arm-none-eabi/lib/thumb/v7-m/nofp\libc_nano.a(lib_a-init.o)
                              c:/st/stm32cubeide_1.12.0/stm32cubeide/plugins/com.st.stm32cube.ide.mcu.externaltools.gnu-tools-for-stm32.10.3-2021.10.win32_1.0.200.202301161003/tools/bin/../lib/gcc/arm-none-eabi/10.3.1/../../../../arm-none-eabi/lib/thumb/v7-m/nofp/crt0.o (__libc_init_array)
c:/st/stm32cubeide_1.12.0/stm32cubeide/plugins/com.st.stm32cube.ide.mcu.externaltools.gnu-tools-for-stm32.10.3-2021.10.win32_1.0.200.202301161003/tools/bin/../lib/gcc/arm-none-eabi/10.3.1/../../../../arm-none-eabi/lib/thumb/v7-m/nofp\libc_nano.a(lib_a-memset.o)
                              c:/st/stm32cubeide_1.12.0/stm32cubeide/plugins/com.st.stm32cube.ide.mcu.externaltools.gnu-tools-for-stm32.10.3-2021.10.win32_1.0.200.202301161003/tools/bin/../lib/gcc/arm-none-eabi/10.3.1/../../../../arm-none-eabi/lib/thumb/v7-m/nofp/crt0.o (memset)
c:/st/stm32cubeide_1.12.0/stm32cubeide/plugins/com.st.stm32cube.ide.mcu.externaltools.gnu-tools-for-stm32.10.3-2021.10.win32_1.0.200.202301161003/tools/bin/../lib/gcc/arm-none-eabi/10.3.1/../../../../arm-none-eabi/lib/thumb/v7-m/nofp\libc_nano.a(lib_a-sprintf.o)
                              ./HAL/lcd_driver/lcd_driver.o (sprintf)
c:/st/stm32cubeide_1.12.0/stm32cubeide/plugins/com.st.stm32cube.ide.mcu.externaltools.gnu-tools-for-stm32.10.3-2021.10.win32_1.0.200.202301161003/tools/bin/../lib/gcc/arm-none-eabi/10.3.1/../../../../arm-none-eabi/lib/thumb/v7-m/nofp\libc_nano.a(lib_a-nano-svfprintf.o)
                              c:/st/stm32cubeide_1.12.0/stm32cubeide/plugins/com.st.stm32cube.ide.mcu.externaltools.gnu-tools-for-stm32.10.3-2021.10.win32_1.0.200.202301161003/tools/bin/../lib/gcc/arm-none-eabi/10.3.1/../../../../arm-none-eabi/lib/thumb/v7-m/nofp\libc_nano.a(lib_a-sprintf.o) (_svfprintf_r)
c:/st/stm32cubeide_1.12.0/stm32cubeide/plugins/com.st.stm32cube.ide.mcu.externaltools.gnu-tools-for-stm32.10.3-2021.10.win32_1.0.200.202301161003/tools/bin/../lib/gcc/arm-none-eabi/10.3.1/../../../../arm-none-eabi/lib/thumb/v7-m/nofp\libc_nano.a(lib_a-nano-vfprintf_i.o)
                              c:/st/stm32cubeide_1.12.0/stm32cubeide/plugins/com.st.stm32cube.ide.mcu.externaltools.gnu-tools-for-stm32.10.3-2021.10.win32_1.0.200.202301161003/tools/bin/../lib/gcc/arm-none-eabi/10.3.1/../../../../arm-none-eabi/lib/thumb/v7-m/nofp\libc_nano.a(lib_a-nano-svfprintf.o) (_printf_i)
c:/st/stm32cubeide_1.12.0/stm32cubeide/plugins/com.st.stm32cube.ide.mcu.externaltools.gnu-tools-for-stm32.10.3-2021.10.win32_1.0.200.202301161003/tools/bin/../lib/gcc/arm-none-eabi/10.3.1/../../../../arm-none-eabi/lib/thumb/v7-m/nofp\libc_nano.a(lib_a-memchr-stub.o)
                              c:/st/stm32cubeide_1.12.0/stm32cubeide/plugins/com.st.stm32cube.ide.mcu.externaltools.gnu-tools-for-stm32.10.3-2021.10.win32_1.0.200.202301161003/tools/bin/../lib/gcc/arm-none-eabi/10.3.1/../../../../arm-none-eabi/lib/thumb/v7-m/nofp\libc_nano.a(lib_a-nano-svfprintf.o) (memchr)
c:/st/stm32cubeide_1.12.0/stm32cubeide/plugins/com.st.stm32cube.ide.mcu.externaltools.gnu-tools-for-stm32.10.3-2021.10.win32_1.0.200.202301161003/tools/bin/../lib/gcc/arm-none-eabi/10.3.1/../../../../arm-none-eabi/lib/thumb/v7-m/nofp\libc_nano.a(lib_a-memcpy-stub.o)
[...]
Memory Configuration

Name             Origin             Length             Attributes
RAM              0x0000000020000000 0x0000000000002800 xrw
FLASH            0x0000000008000000 0x0000000000008000 xr
*default*        0x0000000000000000 0xffffffffffffffff

Linker script and memory map

LOAD c:/st/stm32cubeide_1.12.0/stm32cubeide/plugins/com.st.stm32cube.ide.mcu.externaltools.gnu-tools-for-stm32.10.3-2021.10.win32_1.0.200.202301161003/tools/bin/../lib/gcc/arm-none-eabi/10.3.1/thumb/v7-m/nofp/crti.o
LOAD c:/st/stm32cubeide_1.12.0/stm32cubeide/plugins/com.st.stm32cube.ide.mcu.externaltools.gnu-tools-for-stm32.10.3-2021.10.win32_1.0.200.202301161003/tools/bin/../lib/gcc/arm-none-eabi/10.3.1/thumb/v7-m/nofp/crtbegin.o
LOAD c:/st/stm32cubeide_1.12.0/stm32cubeide/plugins/com.st.stm32cube.ide.mcu.externaltools.gnu-tools-for-stm32.10.3-2021.10.win32_1.0.200.202301161003/tools/bin/../lib/gcc/arm-none-eabi/10.3.1/../../../../arm-none-eabi/lib/thumb/v7-m/nofp/crt0.o
LOAD ./APP/U8L5_spi.o
LOAD ./APP/U8L7_I2C_EEPROM.o
LOAD ./HAL/EEPROM.o
LOAD ./HAL/keypad_driver/keypad_Driver.o
LOAD ./HAL/lcd_driver/lcd_driver.o
LOAD ./STM32F103C6_Drivers/STM32F103C6_EXTI_Driver.o
LOAD ./STM32F103C6_Drivers/STM32F103C6_GPIO_Driver.o
LOAD ./STM32F103C6_Drivers/STM32F103C6_I2C_Driver.o
LOAD ./STM32F103C6_Drivers/STM32F103C6_RCC_Drivers.o
LOAD ./STM32F103C6_Drivers/STM32F103C6_SPI_Driver.o
LOAD ./STM32F103C6_Drivers/STM32F103C6_USART_Drivers.o
LOAD ./Src/main.o
LOAD ./Src/syscalls.o
LOAD ./Src/sysmem.o
LOAD ./Startup/startup_stm32f103c6tx.o
START GROUP
LOAD c:/st/stm32cubeide_1.12.0/stm32cubeide/plugins/com.st.stm32cube.ide.mcu.externaltools.gnu-tools-for-stm32.10.3-2021.10.win32_1.0.200.202301161003/tools/bin/../lib/gcc/arm-none-eabi/10.3.1/../../../../arm-none-eabi/lib/thumb/v7-m/nofp\libc_nano.a
LOAD c:/st/stm32cubeide_1.12.0/stm32cubeide/plugins/com.st.stm32cube.ide.mcu.externaltools.gnu-tools-for-stm32.10.3-2021.10.win32_1.0.200.202301161003/tools/bin/../lib/gcc/arm-none-eabi/10.3.1/../../../../arm-none-eabi/lib/thumb/v7-m/nofp\libm.a
END GROUP
START GROUP
LOAD c:/st/stm32cubeide_1.12.0/stm32cubeide/plugins/com.st.stm32cube.ide.mcu.externaltools.gnu-tools-for-stm32.10.3-2021.10.win32_1.0.200.202301161003/tools/bin/../lib/gcc/arm-none-eabi/10.3.1/thumb/v7-m/nofp\libgcc.a
LOAD c:/st/stm32cubeide_1.12.0/stm32cubeide/plugins/com.st.stm32cube.ide.mcu.externaltools.gnu-tools-for-stm32.10.3-2021.10.win32_1.0.200.202301161003/tools/bin/../lib/gcc/arm-none-eabi/10.3.1/../../../../arm-none-eabi/lib/thumb/v7-m/nofp\libg_nano.a
LOAD c:/st/stm32cubeide_1.12.0/stm32cubeide/plugins/com.st.stm32cube.ide.mcu.externaltools.gnu-tools-for-stm32.10.3-2021.10.win32_1.0.200.202301161003/tools/bin/../lib/gcc/arm-none-eabi/10.3.1/../../../../arm-none-eabi/lib/thumb/v7-m/nofp\libc_nano.a
END GROUP
START GROUP
LOAD c:/st/stm32cubeide_1.12.0/stm32cubeide/plugins/com.st.stm32cube.ide.mcu.externaltools.gnu-tools-for-stm32.10.3-2021.10.win32_1.0.200.202301161003/tools/bin/../lib/gcc/arm-none-eabi/10.3.1/thumb/v7-m/nofp\libgcc.a
LOAD c:/st/stm32cubeide_1.12.0/stm32cubeide/plugins/com.st.stm32cube.ide.mcu.externaltools.gnu-tools-for-stm32.10.3-2021.10.win32_1.0.200.202301161003/tools/bin/../lib/gcc/arm-none-eabi/10.3.1/../../../../arm-none-eabi/lib/thumb/v7-m/nofp\libc_nano.a
LOAD c:/st/stm32cubeide_1.12.0/stm32cubeide/plugins/com.st.stm32cube.ide.mcu.externaltools.gnu-tools-for-stm32.10.3-2021.10.win32_1.0.200.202301161003/tools/bin/../lib/gcc/arm-none-eabi/10.3.1/../../../../arm-none-eabi/lib/thumb/v7-m/nofp\libnosys.a
END GROUP
START GROUP
LOAD c:/st/stm32cubeide_1.12.0/stm32cubeide/plugins/com.st.stm32cube.ide.mcu.externaltools.gnu-tools-for-stm32.10.3-2021.10.win32_1.0.200.202301161003/tools/bin/../lib/gcc/arm-none-eabi/10.3.1/thumb/v7-m/nofp\libgcc.a
LOAD c:/st/stm32cubeide_1.12.0/stm32cubeide/plugins/com.st.stm32cube.ide.mcu.externaltools.gnu-tools-for-stm32.10.3-2021.10.win32_1.0.200.202301161003/tools/bin/../lib/gcc/arm-none-eabi/10.3.1/../../../../arm-none-eabi/lib/thumb/v7-m/nofp\libc_nano.a
LOAD c:/st/stm32cubeide_1.12.0/stm32cubeide/plugins/com.st.stm32cube.ide.mcu.externaltools.gnu-tools-for-stm32.10.3-2021.10.win32_1.0.200.202301161003/tools/bin/../lib/gcc/arm-none-eabi/10.3.1/../../../../arm-none-eabi/lib/thumb/v7-m/nofp\libnosys.a
END GROUP
LOAD c:/st/stm32cubeide_1.12.0/stm32cubeide/plugins/com.st.stm32cube.ide.mcu.externaltools.gnu-tools-for-stm32.10.3-2021.10.win32_1.0.200.202301161003/tools/bin/../lib/gcc/arm-none-eabi/10.3.1/thumb/v7-m/nofp/crtend.o
LOAD c:/st/stm32cubeide_1.12.0/stm32cubeide/plugins/com.st.stm32cube.ide.mcu.externaltools.gnu-tools-for-stm32.10.3-2021.10.win32_1.0.200.202301161003/tools/bin/../lib/gcc/arm-none-eabi/10.3.1/thumb/v7-m/nofp/crtn.o
                0x0000000020002800                _estack = (ORIGIN (RAM) + LENGTH (RAM))
                0x0000000000000200                _Min_Heap_Size = 0x200
                0x0000000000000400                _Min_Stack_Size = 0x400

.isr_vector     0x0000000008000000      0x130
                0x0000000008000000                . = ALIGN (0x4)
 *(.isr_vector)
 .isr_vector    0x0000000008000000      0x130 ./Startup/startup_stm32f103c6tx.o
                0x0000000008000000                g_pfnVectors
                0x0000000008000130                . = ALIGN (0x4)

.text           0x0000000008000130      0xf84
                0x0000000008000130                . = ALIGN (0x4)
 *(.text)
 .text          0x0000000008000130       0x40 c:/st/stm32cubeide_1.12.0/stm32cubeide/plugins/com.st.stm32cube.ide.mcu.externaltools.gnu-tools-for-stm32.10.3-2021.10.win32_1.0.200.202301161003/tools/bin/../lib/gcc/arm-none-eabi/10.3.1/thumb/v7-m/nofp/crtbegin.o
 *(.text*)
 .text.EEPROM_Init
                0x0000000008000170       0x40 ./HAL/EEPROM.o
                0x0000000008000170                EEPROM_Init
 .text.EEPROM_Write_Nbytes
                0x00000000080001b0       0xd4 ./HAL/EEPROM.o
                0x00000000080001b0                EEPROM_Write_Nbytes
 .text.EEPROM_Read_Nbytes
                0x0000000008000284       0x54 ./HAL/EEPROM.o
                0x0000000008000284                EEPROM_Read_Nbytes
 .text.EXTI0_IRQHandler
                0x00000000080002d8       0x24 ./STM32F103C6_Drivers/STM32F103C6_EXTI_Driver.o
                0x00000000080002d8                EXTI0_IRQHandler
 .text.EXTI1_IRQHandler
                0x00000000080002fc       0x24 ./STM32F103C6_Drivers/STM32F103C6_EXTI_Driver.o
                0x00000000080002fc                EXTI1_IRQHandler
 .text.EXTI2_IRQHandler
                0x0000000008000320       0x24 ./STM32F103C6_Drivers/STM32F103C6_EXTI_Driver.o
                0x0000000008000320                EXTI2_IRQHandler
 .text.EXTI3_IRQHandler
                0x0000000008000344       0x24 ./STM32F103C6_Drivers/STM32F103C6_EXTI_Driver.o
                0x0000000008000344                EXTI3_IRQHandler
 .text.EXTI4_IRQHandler
                0x0000000008000368       0x24 ./STM32F103C6_Drivers/STM32F103C6_EXTI_Driver.o
                0x0000000008000368                EXTI4_IRQHandler
 .text.EXTI9_5_IRQHandler
                0x000000000800038c       0xa8 ./STM32F103C6_Drivers/STM32F103C6_EXTI_Driver.o
                0x000000000800038c                EXTI9_5_IRQHandler
 .text.EXTI15_10_IRQHandler
                0x0000000008000434       0xc4 ./STM32F103C6_Drivers/STM32F103C6_EXTI_Driver.o
                0x0000000008000434                EXTI15_10_IRQHandler
 .text.Get_CRLH_Position
                0x00000000080004f8      0x170 ./STM32F103C6_Drivers/STM32F103C6_GPIO_Driver.o
                0x00000000080004f8                Get_CRLH_Position
 .text.MCAL_GPIO_Init
                0x0000000008000668       0xfe ./STM32F103C6_Drivers/STM32F103C6_GPIO_Driver.o
                0x0000000008000668                MCAL_GPIO_Init
 *fill*         0x0000000008000766        0x2 
 .text.MCAL_I2C_INIT
                0x0000000008000768      0x234 ./STM32F103C6_Drivers/STM32F103C6_I2C_Driver.o
                0x0000000008000768                MCAL_I2C_INIT
 .text.MCAL_I2C_GPIO_Set_PIN
                0x000000000800099c       0x94 ./STM32F103C6_Drivers/STM32F103C6_I2C_Driver.o
                0x000000000800099c                MCAL_I2C_GPIO_Set_PIN
 .text.MCAL_I2C_Master_TX
                0x0000000008000a30       0xb8 ./STM32F103C6_Drivers/STM32F103C6_I2C_Driver.o
                0x0000000008000a30                MCAL_I2C_Master_TX
 .text.MCAL_I2C_Master_RX
                0x0000000008000ae8       0xe0 ./STM32F103C6_Drivers/STM32F103C6_I2C_Driver.o
                0x0000000008000ae8                MCAL_I2C_Master_RX
 .text.I2C_GenerateStart
                0x0000000008000bc8       0x4e ./STM32F103C6_Drivers/STM32F103C6_I2C_Driver.o
                0x0000000008000bc8                I2C_GenerateStart
 .text.I2C_SenAddress
                0x0000000008000c16       0x3e ./STM32F103C6_Drivers/STM32F103C6_I2C_Driver.o
                0x0000000008000c16                I2C_SenAddress
 .text.I2C_GenerateStop
                0x0000000008000c54       0x36 ./STM32F103C6_Drivers/STM32F103C6_I2C_Driver.o
                0x0000000008000c54                I2C_GenerateStop
 *fill*         0x0000000008000c8a        0x2 
 .text.I2C_GetFlagStatus
                0x0000000008000c8c      0x10c ./STM32F103C6_Drivers/STM32F103C6_I2C_Driver.o
                0x0000000008000c8c                I2C_GetFlagStatus
 .text.I2C_AcknowledgeConfiguration
                0x0000000008000d98       0x36 ./STM32F103C6_Drivers/STM32F103C6_I2C_Driver.o
                0x0000000008000d98                I2C_AcknowledgeConfiguration
 *fill*         0x0000000008000dce        0x2 
 .text.MCAL_RCC_GetSYS_ClockFreq
                0x0000000008000dd0       0x40 ./STM32F103C6_Drivers/STM32F103C6_RCC_Drivers.o
                0x0000000008000dd0                MCAL_RCC_GetSYS_ClockFreq
 .text.MCAL_RCC_GetHCLKFreq
                0x0000000008000e10       0x28 ./STM32F103C6_Drivers/STM32F103C6_RCC_Drivers.o
                0x0000000008000e10                MCAL_RCC_GetHCLKFreq
 .text.MCAL_RCC_GetPCLK1Freq
                0x0000000008000e38       0x28 ./STM32F103C6_Drivers/STM32F103C6_RCC_Drivers.o
                0x0000000008000e38                MCAL_RCC_GetPCLK1Freq
 .text.SPI1_IRQHandler
                0x0000000008000e60       0x5c ./STM32F103C6_Drivers/STM32F103C6_SPI_Driver.o
                0x0000000008000e60                SPI1_IRQHandler
 .text.SPI2_IRQHandler
                0x0000000008000ebc       0x5c ./STM32F103C6_Drivers/STM32F103C6_SPI_Driver.o
                0x0000000008000ebc                SPI2_IRQHandler
 .text.USART1_IRQHandler
                0x0000000008000f18       0x14 ./STM32F103C6_Drivers/STM32F103C6_USART_Drivers.o
                0x0000000008000f18                USART1_IRQHandler
 .text.USART2_IRQHandler
                0x0000000008000f2c       0x14 ./STM32F103C6_Drivers/STM32F103C6_USART_Drivers.o
                0x0000000008000f2c                USART2_IRQHandler
 .text.USART3_IRQHandler
                0x0000000008000f40       0x14 ./STM32F103C6_Drivers/STM32F103C6_USART_Drivers.o
                0x0000000008000f40                USART3_IRQHandler
 .text.Clock_Init
                0x0000000008000f54       0x34 ./Src/main.o
                0x0000000008000f54                Clock_Init
 .text.main     0x0000000008000f88       0x78 ./Src/main.o
                0x0000000008000f88                main
 .text.Reset_Handler
                0x0000000008001000       0x50 ./Startup/startup_stm32f103c6tx.o
                0x0000000008001000                Reset_Handler
 .text.Default_Handler
                0x0000000008001050        0x2 ./Startup/startup_stm32f103c6tx.o
                0x0000000008001050                TIM8_TRG_COM_IRQHandler
                0x0000000008001050                TIM8_CC_IRQHandler
                0x0000000008001050                DebugMon_Handler
                0x0000000008001050                TIM1_CC_IRQHandler
                0x0000000008001050                HardFault_Handler
                0x0000000008001050                TIM6_IRQHandler
                0x0000000008001050                SysTick_Handler
                0x0000000008001050                PVD_IRQHandler
                0x0000000008001050                SDIO_IRQHandler
                0x0000000008001050                PendSV_Handler
                0x0000000008001050                NMI_Handler
                0x0000000008001050                USB_HP_CAN_TX_IRQHandler
                0x0000000008001050                I2C2_EV_IRQHandler
                0x0000000008001050                UsageFault_Handler
                0x0000000008001050                ADC1_2_IRQHandler
                0x0000000008001050                CAN_SCE_IRQHandler
                0x0000000008001050                TAMPER_IRQHandler
                0x0000000008001050                TIM8_UP_IRQHandler
                0x0000000008001050                DMA2_Channel2_IRQHandler
                0x0000000008001050                DMA1_Channel4_IRQHandler
                0x0000000008001050                RTC_IRQHandler
                0x0000000008001050                DMA1_Channel7_IRQHandler
                0x0000000008001050                UART5_IRQHandler
                0x0000000008001050                ADC3_IRQHandler
                0x0000000008001050                TIM4_IRQHandler
                0x0000000008001050                CAN_RX1_IRQHandler
                0x0000000008001050                DMA2_Channel1_IRQHandler
                0x0000000008001050                I2C1_EV_IRQHandler
                0x0000000008001050                DMA1_Channel6_IRQHandler
                0x0000000008001050                UART4_IRQHandler
                0x0000000008001050                TIM3_IRQHandler
                0x0000000008001050                RCC_IRQHandler
                0x0000000008001050                TIM1_TRG_COM_IRQHandler
                0x0000000008001050                DMA1_Channel1_IRQHandler
                0x0000000008001050                Default_Handler
                0x0000000008001050                TIM7_IRQHandler
                0x0000000008001050                TIM5_IRQHandler
                0x0000000008001050                USB_LP_CAN_RX0_IRQHandler
                0x0000000008001050                MemManage_Handler
                0x0000000008001050                SVC_Handler
                0x0000000008001050                DMA1_Channel5_IRQHandler
                0x0000000008001050                DMA1_Channel3_IRQHandler
                0x0000000008001050                FSMC_IRQHandler
                0x0000000008001050                TIM1_UP_IRQHandler
                0x0000000008001050                WWDG_IRQHandler
                0x0000000008001050                TIM2_IRQHandler
                0x0000000008001050                TIM1_BRK_IRQHandler
                0x0000000008001050                RTCAlarm_IRQHandler
                0x0000000008001050                DMA2_Channel4_5_IRQHandler
                0x0000000008001050                I2C2_ER_IRQHandler
                0x0000000008001050                DMA1_Channel2_IRQHandler
                0x0000000008001050                TIM8_BRK_IRQHandler
                0x0000000008001050                FLASH_IRQHandler
                0x0000000008001050                BusFault_Handler
                0x0000000008001050                SPI3_IRQHandler
                0x0000000008001050                I2C1_ER_IRQHandler
                0x0000000008001050                DMA2_Channel3_IRQHandler
 *fill*         0x0000000008001052        0x2 
 .text.__libc_init_array
                0x0000000008001054       0x48 c:/st/stm32cubeide_1.12.0/stm32cubeide/plugins/com.st.stm32cube.ide.mcu.externaltools.gnu-tools-for-stm32.10.3-2021.10.win32_1.0.200.202301161003/tools/bin/../lib/gcc/arm-none-eabi/10.3.1/../../../../arm-none-eabi/lib/thumb/v7-m/nofp\libc_nano.a(lib_a-init.o)
                0x0000000008001054                __libc_init_array
 *(.glue_7)
 .glue_7        0x000000000800109c        0x0 linker stubs
 *(.glue_7t)
 .glue_7t       0x000000000800109c        0x0 linker stubs
 *(.eh_frame)
 .eh_frame      0x000000000800109c        0x0 c:/st/stm32cubeide_1.12.0/stm32cubeide/plugins/com.st.stm32cube.ide.mcu.externaltools.gnu-tools-for-stm32.10.3-2021.10.win32_1.0.200.202301161003/tools/bin/../lib/gcc/arm-none-eabi/10.3.1/thumb/v7-m/nofp/crtbegin.o
 *(.init)
 .init          0x000000000800109c        0x4 c:/st/stm32cubeide_1.12.0/stm32cubeide/plugins/com.st.stm32cube.ide.mcu.externaltools.gnu-tools-for-stm32.10.3-2021.10.win32_1.0.200.202301161003/tools/bin/../lib/gcc/arm-none-eabi/10.3.1/thumb/v7-m/nofp/crti.o
                0x000000000800109c                _init
 .init          0x00000000080010a0        0x8 c:/st/stm32cubeide_1.12.0/stm32cubeide/plugins/com.st.stm32cube.ide.mcu.externaltools.gnu-tools-for-stm32.10.3-2021.10.win32_1.0.200.202301161003/tools/bin/../lib/gcc/arm-none-eabi/10.3.1/thumb/v7-m/nofp/crtn.o
 *(.fini)
 .fini          0x00000000080010a8        0x4 c:/st/stm32cubeide_1.12.0/stm32cubeide/plugins/com.st.stm32cube.ide.mcu.externaltools.gnu-tools-for-stm32.10.3-2021.10.win32_1.0.200.202301161003/tools/bin/../lib/gcc/arm-none-eabi/10.3.1/thumb/v7-m/nofp/crti.o
                0x00000000080010a8                _fini
 .fini          0x00000000080010ac        0x8 c:/st/stm32cubeide_1.12.0/stm32cubeide/plugins/com.st.stm32cube.ide.mcu.externaltools.gnu-tools-for-stm32.10.3-2021.10.win32_1.0.200.202301161003/tools/bin/../lib/gcc/arm-none-eabi/10.3.1/thumb/v7-m/nofp/crtn.o
                0x00000000080010b4                . = ALIGN (0x4)
                0x00000000080010b4                _etext = .

.vfp11_veneer   0x00000000080010b4        0x0
 .vfp11_veneer  0x00000000080010b4        0x0 linker stubs

.v4_bx          0x00000000080010b4        0x0
 .v4_bx         0x00000000080010b4        0x0 linker stubs

.iplt           0x00000000080010b4        0x0
 .iplt          0x00000000080010b4        0x0 c:/st/stm32cubeide_1.12.0/stm32cubeide/plugins/com.st.stm32cube.ide.mcu.externaltools.gnu-tools-for-stm32.10.3-2021.10.win32_1.0.200.202301161003/tools/bin/../lib/gcc/arm-none-eabi/10.3.1/thumb/v7-m/nofp/crtbegin.o

.rodata         0x00000000080010b4       0x20
                0x00000000080010b4                . = ALIGN (0x4)
 *(.rodata)
 .rodata        0x00000000080010b4        0x7 ./Src/main.o
 *(.rodata*)
 *fill*         0x00000000080010bb        0x1 
 .rodata.APBPrescTable
                0x00000000080010bc        0x8 ./STM32F103C6_Drivers/STM32F103C6_RCC_Drivers.o
                0x00000000080010bc                APBPrescTable
 .rodata.AHBPrescTable
                0x00000000080010c4       0x10 ./STM32F103C6_Drivers/STM32F103C6_RCC_Drivers.o
                0x00000000080010c4                AHBPrescTable
                0x00000000080010d4                . = ALIGN (0x4)

.rel.dyn        0x00000000080010d4        0x0
 .rel.iplt      0x00000000080010d4        0x0 c:/st/stm32cubeide_1.12.0/stm32cubeide/plugins/com.st.stm32cube.ide.mcu.externaltools.gnu-tools-for-stm32.10.3-2021.10.win32_1.0.200.202301161003/tools/bin/../lib/gcc/arm-none-eabi/10.3.1/thumb/v7-m/nofp/crtbegin.o

.ARM.extab      0x00000000080010d4        0x0
                0x00000000080010d4                . = ALIGN (0x4)
 *(.ARM.extab* .gnu.linkonce.armextab.*)
                0x00000000080010d4                . = ALIGN (0x4)

.ARM            0x00000000080010d4        0x0
                0x00000000080010d4                . = ALIGN (0x4)
                0x00000000080010d4                __exidx_start = .
 *(.ARM.exidx*)
                0x00000000080010d4                __exidx_end = .
                0x00000000080010d4                . = ALIGN (0x4)

.preinit_array  0x00000000080010d4        0x0
                0x00000000080010d4                . = ALIGN (0x4)
                0x00000000080010d4                PROVIDE (__preinit_array_start = .)
 *(.preinit_array*)
                0x00000000080010d4                PROVIDE (__preinit_array_end = .)
                0x00000000080010d4                . = ALIGN (0x4)

.init_array     0x00000000080010d4        0x4
                0x00000000080010d4                . = ALIGN (0x4)
                0x00000000080010d4                PROVIDE (__init_array_start = .)
 *(SORT_BY_NAME(.init_array.*))
 *(.init_array*)
 .init_array    0x00000000080010d4        0x4 c:/st/stm32cubeide_1.12.0/stm32cubeide/plugins/com.st.stm32cube.ide.mcu.externaltools.gnu-tools-for-stm32.10.3-2021.10.win32_1.0.200.202301161003/tools/bin/../lib/gcc/arm-none-eabi/10.3.1/thumb/v7-m/nofp/crtbegin.o
                0x00000000080010d8                PROVIDE (__init_array_end = .)
                0x00000000080010d8                . = ALIGN (0x4)

.fini_array     0x00000000080010d8        0x4
                0x00000000080010d8                . = ALIGN (0x4)
                [!provide]                        PROVIDE (__fini_array_start = .)
 *(SORT_BY_NAME(.fini_array.*))
 *(.fini_array*)
 .fini_array    0x00000000080010d8        0x4 c:/st/stm32cubeide_1.12.0/stm32cubeide/plugins/com.st.stm32cube.ide.mcu.externaltools.gnu-tools-for-stm32.10.3-2021.10.win32_1.0.200.202301161003/tools/bin/../lib/gcc/arm-none-eabi/10.3.1/thumb/v7-m/nofp/crtbegin.o
                [!provide]                        PROVIDE (__fini_array_end = .)
                0x00000000080010dc                . = ALIGN (0x4)
                0x00000000080010dc                _sidata = LOADADDR (.data)

.data           0x0000000020000000        0x0 load address 0x00000000080010dc
                0x0000000020000000                . = ALIGN (0x4)
                0x0000000020000000                _sdata = .
 *(.data)
 *(.data*)
 *(.RamFunc)
 *(.RamFunc*)
                0x0000000020000000                . = ALIGN (0x4)
                0x0000000020000000                _edata = .

.igot.plt       0x0000000020000000        0x0 load address 0x00000000080010dc
 .igot.plt      0x0000000020000000        0x0 c:/st/stm32cubeide_1.12.0/stm32cubeide/plugins/com.st.stm32cube.ide.mcu.externaltools.gnu-tools-for-stm32.10.3-2021.10.win32_1.0.200.202301161003/tools/bin/../lib/gcc/arm-none-eabi/10.3.1/thumb/v7-m/nofp/crtbegin.o
                0x0000000020000000                . = ALIGN (0x4)

.bss            0x0000000020000000       0xa4 load address 0x00000000080010dc
                0x0000000020000000                _sbss = .
                0x0000000020000000                __bss_start__ = _sbss
 *(.bss)
 .bss           0x0000000020000000       0x1c c:/st/stm32cubeide_1.12.0/stm32cubeide/plugins/com.st.stm32cube.ide.mcu.externaltools.gnu-tools-for-stm32.10.3-2021.10.win32_1.0.200.202301161003/tools/bin/../lib/gcc/arm-none-eabi/10.3.1/thumb/v7-m/nofp/crtbegin.o
 *(.bss*)
 .bss.GP_IRQ_CallBack
                0x000000002000001c       0x3c ./STM32F103C6_Drivers/STM32F103C6_EXTI_Driver.o
                0x000000002000001c                GP_IRQ_CallBack
 .bss.Global_I2C_Config
                0x0000000020000058       0x40 ./STM32F103C6_Drivers/STM32F103C6_I2C_Driver.o
                0x0000000020000058                Global_I2C_Config
 .bss.Global_SPI_Config
                0x0000000020000098        0x8 ./STM32F103C6_Drivers/STM32F103C6_SPI_Driver.o
                0x0000000020000098                Global_SPI_Config
 .bss.Global_UART_Config
                0x00000000200000a0        0x4 ./STM32F103C6_Drivers/STM32F103C6_USART_Drivers.o
                0x00000000200000a0                Global_UART_Config
 *(COMMON)
                0x00000000200000a4                . = ALIGN (0x4)
                0x00000000200000a4                _ebss = .
                0x00000000200000a4                __bss_end__ = _ebss

._user_heap_stack
                0x00000000200000a4      0x604 load address 0x00000000080010dc
                0x00000000200000a8                . = ALIGN (0x8)
 *fill*         0x00000000200000a4        0x4 
                [!provide]                        PROVIDE (end = .)
                0x00000000200000a8                PROVIDE (_end = .)
                0x00000000200002a8                . = (. + _Min_Heap_Size)
 *fill*         0x00000000200000a8      0x200 
                0x00000000200006a8                . = (. + _Min_Stack_Size)
 *fill*         0x00000000200002a8      0x400 
                0x00000000200006a8                . = ALIGN (0x8)

/DISCARD/
 libc.a(*)
 libm.a(*)
 libgcc.a(*)

.ARM.attributes
                0x0000000000000000       0x29
 *(.ARM.attributes)
 .ARM.attributes
                0x0000000000000000       0x1d c:/st/stm32cubeide_1.12.0/stm32cubeide/plugins/com.st.stm32cube.ide.mcu.externaltools.gnu-tools-for-stm32.10.3-2021.10.win32_1.0.200.202301161003/tools/bin/../lib/gcc/arm-none-eabi/10.3.1/thumb/v7-m/nofp/crti.o
 .ARM.attributes
                0x000000000000001d       0x2d c:/st/stm32cubeide_1.12.0/stm32cubeide/plugins/com.st.stm32cube.ide.mcu.externaltools.gnu-tools-for-stm32.10.3-2021.10.win32_1.0.200.202301161003/tools/bin/../lib/gcc/arm-none-eabi/10.3.1/thumb/v7-m/nofp/crtbegin.o
 .ARM.attributes
                0x000000000000004a       0x2d ./HAL/EEPROM.o
 .ARM.attributes
                0x0000000000000077       0x2d ./STM32F103C6_Drivers/STM32F103C6_EXTI_Driver.o
 .ARM.attributes
                0x00000000000000a4       0x2d ./STM32F103C6_Drivers/STM32F103C6_GPIO_Driver.o
 .ARM.attributes
                0x00000000000000d1       0x2d ./STM32F103C6_Drivers/STM32F103C6_I2C_Driver.o
 .ARM.attributes
                0x00000000000000fe       0x2d ./STM32F103C6_Drivers/STM32F103C6_RCC_Drivers.o
 .ARM.attributes
                0x000000000000012b       0x2d ./STM32F103C6_Drivers/STM32F103C6_SPI_Driver.o
 .ARM.attributes
                0x0000000000000158       0x2d ./STM32F103C6_Drivers/STM32F103C6_USART_Drivers.o
 .ARM.attributes
                0x0000000000000185       0x2d ./Src/main.o
 .ARM.attributes
                0x00000000000001b2       0x21 ./Startup/startup_stm32f103c6tx.o
 .ARM.attributes
                0x00000000000001d3       0x2d c:/st/stm32cubeide_1.12.0/stm32cubeide/plugins/com.st.stm32cube.ide.mcu.externaltools.gnu-tools-for-stm32.10.3-2021.10.win32_1.0.200.202301161003/tools/bin/../lib/gcc/arm-none-eabi/10.3.1/../../../../arm-none-eabi/lib/thumb/v7-m/nofp\libc_nano.a(lib_a-init.o)
 .ARM.attributes
                0x0000000000000200       0x1d c:/st/stm32cubeide_1.12.0/stm32cubeide/plugins/com.st.stm32cube.ide.mcu.externaltools.gnu-tools-for-stm32.10.3-2021.10.win32_1.0.200.202301161003/tools/bin/../lib/gcc/arm-none-eabi/10.3.1/thumb/v7-m/nofp/crtn.o
OUTPUT(Driver.elf elf32-littlearm)
LOAD linker stubs
LOAD c:/st/stm32cubeide_1.12.0/stm32cubeide/plugins/com.st.stm32cube.ide.mcu.externaltools.gnu-tools-for-stm32.10.3-2021.10.win32_1.0.200.202301161003/tools/bin/../lib/gcc/arm-none-eabi/10.3.1/../../../../arm-none-eabi/lib/thumb/v7-m/nofp\libc.a
LOAD c:/st/stm32cubeide_1.12.0/stm32cubeide/plugins/com.st.stm32cube.ide.mcu.externaltools.gnu-tools-for-stm32.10.3-2021.10.win32_1.0.200.202301161003/tools/bin/../lib/gcc/arm-none-eabi/10.3.1/../../../../arm-none-eabi/lib/thumb/v7-m/nofp\libm.a
LOAD c:/st/stm32cubeide_1.12.0/stm32cubeide/plugins/com.st.stm32cube.ide.mcu.externaltools.gnu-tools-for-stm32.10.3-2021.10.win32_1.0.200.202301161003/tools/bin/../lib/gcc/arm-none-eabi/10.3.1/thumb/v7-m/nofp\libgcc.a

.debug_info     0x0000000000000000     0x2c4e
 .debug_info    0x0000000000000000      0x47b ./HAL/EEPROM.o
 .debug_info    0x000000000000047b      0x531 ./STM32F103C6_Drivers/STM32F103C6_EXTI_Driver.o
 .debug_info    0x00000000000009ac      0x4b9 ./STM32F103C6_Drivers/STM32F103C6_GPIO_Driver.o
 .debug_info    0x0000000000000e65      0x9a4 ./STM32F103C6_Drivers/STM32F103C6_I2C_Driver.o
 .debug_info    0x0000000000001809      0x241 ./STM32F103C6_Drivers/STM32F103C6_RCC_Drivers.o
 .debug_info    0x0000000000001a4a      0x723 ./STM32F103C6_Drivers/STM32F103C6_SPI_Driver.o
 .debug_info    0x000000000000216d      0x607 ./STM32F103C6_Drivers/STM32F103C6_USART_Drivers.o
 .debug_info    0x0000000000002774      0x4b8 ./Src/main.o
 .debug_info    0x0000000000002c2c       0x22 ./Startup/startup_stm32f103c6tx.o

.debug_abbrev   0x0000000000000000      0xd14
 .debug_abbrev  0x0000000000000000      0x13d ./HAL/EEPROM.o
 .debug_abbrev  0x000000000000013d      0x1ab ./STM32F103C6_Drivers/STM32F103C6_EXTI_Driver.o
 .debug_abbrev  0x00000000000002e8      0x16f ./STM32F103C6_Drivers/STM32F103C6_GPIO_Driver.o
 .debug_abbrev  0x0000000000000457      0x214 ./STM32F103C6_Drivers/STM32F103C6_I2C_Driver.o
 .debug_abbrev  0x000000000000066b       0xda ./STM32F103C6_Drivers/STM32F103C6_RCC_Drivers.o
 .debug_abbrev  0x0000000000000745      0x1f4 ./STM32F103C6_Drivers/STM32F103C6_SPI_Driver.o
 .debug_abbrev  0x0000000000000939      0x1e2 ./STM32F103C6_Drivers/STM32F103C6_USART_Drivers.o
 .debug_abbrev  0x0000000000000b1b      0x1e7 ./Src/main.o
 .debug_abbrev  0x0000000000000d02       0x12 ./Startup/startup_stm32f103c6tx.o

.debug_loc      0x0000000000000000     0x127e
 .debug_loc     0x0000000000000000       0xf2 ./HAL/EEPROM.o
 .debug_loc     0x00000000000000f2      0x320 ./STM32F103C6_Drivers/STM32F103C6_EXTI_Driver.o
 .debug_loc     0x0000000000000412      0x330 ./STM32F103C6_Drivers/STM32F103C6_GPIO_Driver.o
 .debug_loc     0x0000000000000742      0x414 ./STM32F103C6_Drivers/STM32F103C6_I2C_Driver.o
 .debug_loc     0x0000000000000b56       0xc8 ./STM32F103C6_Drivers/STM32F103C6_RCC_Drivers.o
 .debug_loc     0x0000000000000c1e      0x2bc ./STM32F103C6_Drivers/STM32F103C6_SPI_Driver.o
 .debug_loc     0x0000000000000eda      0x294 ./STM32F103C6_Drivers/STM32F103C6_USART_Drivers.o
 .debug_loc     0x000000000000116e      0x110 ./Src/main.o

.debug_aranges  0x0000000000000000      0x2d8
 .debug_aranges
                0x0000000000000000       0x30 ./HAL/EEPROM.o
 .debug_aranges
                0x0000000000000030       0x80 ./STM32F103C6_Drivers/STM32F103C6_EXTI_Driver.o
 .debug_aranges
                0x00000000000000b0       0x60 ./STM32F103C6_Drivers/STM32F103C6_GPIO_Driver.o
 .debug_aranges
                0x0000000000000110       0x78 ./STM32F103C6_Drivers/STM32F103C6_I2C_Driver.o
 .debug_aranges
                0x0000000000000188       0x38 ./STM32F103C6_Drivers/STM32F103C6_RCC_Drivers.o
 .debug_aranges
                0x00000000000001c0       0x58 ./STM32F103C6_Drivers/STM32F103C6_SPI_Driver.o
 .debug_aranges
                0x0000000000000218       0x60 ./STM32F103C6_Drivers/STM32F103C6_USART_Drivers.o
 .debug_aranges
                0x0000000000000278       0x38 ./Src/main.o
 .debug_aranges
                0x00000000000002b0       0x28 ./Startup/startup_stm32f103c6tx.o

.debug_ranges   0x0000000000000000      0x250
 .debug_ranges  0x0000000000000000       0x20 ./HAL/EEPROM.o
 .debug_ranges  0x0000000000000020       0x70 ./STM32F103C6_Drivers/STM32F103C6_EXTI_Driver.o
 .debug_ranges  0x0000000000000090       0x50 ./STM32F103C6_Drivers/STM32F103C6_GPIO_Driver.o
 .debug_ranges  0x00000000000000e0       0x68 ./STM32F103C6_Drivers/STM32F103C6_I2C_Driver.o
 .debug_ranges  0x0000000000000148       0x28 ./STM32F103C6_Drivers/STM32F103C6_RCC_Drivers.o
 .debug_ranges  0x0000000000000170       0x48 ./STM32F103C6_Drivers/STM32F103C6_SPI_Driver.o
 .debug_ranges  0x00000000000001b8       0x50 ./STM32F103C6_Drivers/STM32F103C6_USART_Drivers.o
 .debug_ranges  0x0000000000000208       0x28 ./Src/main.o
 .debug_ranges  0x0000000000000230       0x20 ./Startup/startup_stm32f103c6tx.o

.debug_macro    0x0000000000000000     0x27c2
 .debug_macro   0x0000000000000000      0x16e ./HAL/EEPROM.o
 .debug_macro   0x000000000000016e       0x18 ./HAL/EEPROM.o
 .debug_macro   0x0000000000000186       0x22 ./HAL/EEPROM.o
 .debug_macro   0x00000000000001a8       0x4c ./HAL/EEPROM.o
 .debug_macro   0x00000000000001f4       0x94 ./HAL/EEPROM.o
 .debug_macro   0x0000000000000288       0x3c ./HAL/EEPROM.o
 .debug_macro   0x00000000000002c4       0x34 ./HAL/EEPROM.o
 .debug_macro   0x00000000000002f8       0x16 ./HAL/EEPROM.o
 .debug_macro   0x000000000000030e      0x10e ./HAL/EEPROM.o
 .debug_macro   0x000000000000041c       0x8d ./HAL/EEPROM.o
 .debug_macro   0x00000000000004a9       0x16 ./HAL/EEPROM.o
 .debug_macro   0x00000000000004bf       0x43 ./HAL/EEPROM.o
 .debug_macro   0x0000000000000502       0x57 ./HAL/EEPROM.o
 .debug_macro   0x0000000000000559       0x34 ./HAL/EEPROM.o
 .debug_macro   0x000000000000058d       0x10 ./HAL/EEPROM.o
 .debug_macro   0x000000000000059d       0x58 ./HAL/EEPROM.o
 .debug_macro   0x00000000000005f5       0x71 ./HAL/EEPROM.o
 .debug_macro   0x0000000000000666       0x1c ./HAL/EEPROM.o
 .debug_macro   0x0000000000000682      0x12a ./HAL/EEPROM.o
 .debug_macro   0x00000000000007ac      0x341 ./HAL/EEPROM.o
 .debug_macro   0x0000000000000aed       0x16 ./HAL/EEPROM.o
 .debug_macro   0x0000000000000b03       0x29 ./HAL/EEPROM.o
 .debug_macro   0x0000000000000b2c      0x103 ./HAL/EEPROM.o
 .debug_macro   0x0000000000000c2f       0x6a ./HAL/EEPROM.o
 .debug_macro   0x0000000000000c99      0x1df ./HAL/EEPROM.o
 .debug_macro   0x0000000000000e78      0x72e ./HAL/EEPROM.o
 .debug_macro   0x00000000000015a6       0xd6 ./HAL/EEPROM.o
 .debug_macro   0x000000000000167c       0x16 ./HAL/EEPROM.o
 .debug_macro   0x0000000000001692       0x6c ./HAL/EEPROM.o
 .debug_macro   0x00000000000016fe      0x15b ./STM32F103C6_Drivers/STM32F103C6_EXTI_Driver.o
 .debug_macro   0x0000000000001859      0x1bf ./STM32F103C6_Drivers/STM32F103C6_EXTI_Driver.o
 .debug_macro   0x0000000000001a18      0x14c ./STM32F103C6_Drivers/STM32F103C6_GPIO_Driver.o
 .debug_macro   0x0000000000001b64      0x16a ./STM32F103C6_Drivers/STM32F103C6_I2C_Driver.o
 .debug_macro   0x0000000000001cce      0x14c ./STM32F103C6_Drivers/STM32F103C6_RCC_Drivers.o
 .debug_macro   0x0000000000001e1a       0x10 ./STM32F103C6_Drivers/STM32F103C6_RCC_Drivers.o
 .debug_macro   0x0000000000001e2a      0x16d ./STM32F103C6_Drivers/STM32F103C6_SPI_Driver.o
 .debug_macro   0x0000000000001f97       0xdd ./STM32F103C6_Drivers/STM32F103C6_SPI_Driver.o
 .debug_macro   0x0000000000002074      0x155 ./STM32F103C6_Drivers/STM32F103C6_USART_Drivers.o
 .debug_macro   0x00000000000021c9      0x103 ./STM32F103C6_Drivers/STM32F103C6_USART_Drivers.o
 .debug_macro   0x00000000000022cc      0x1e8 ./Src/main.o
 .debug_macro   0x00000000000024b4      0x112 ./Src/main.o
 .debug_macro   0x00000000000025c6      0x109 ./Src/main.o
 .debug_macro   0x00000000000026cf       0xe3 ./Src/main.o
 .debug_macro   0x00000000000027b2       0x10 ./Src/main.o

.debug_line     0x0000000000000000     0x4077
 .debug_line    0x0000000000000000      0x6bf ./HAL/EEPROM.o
 .debug_line    0x00000000000006bf      0x9cc ./STM32F103C6_Drivers/STM32F103C6_EXTI_Driver.o
 .debug_line    0x000000000000108b      0x7c6 ./STM32F103C6_Drivers/STM32F103C6_GPIO_Driver.o
 .debug_line    0x0000000000001851      0x9cf ./STM32F103C6_Drivers/STM32F103C6_I2C_Driver.o
 .debug_line    0x0000000000002220      0x61d ./STM32F103C6_Drivers/STM32F103C6_RCC_Drivers.o
 .debug_line    0x000000000000283d      0x89d ./STM32F103C6_Drivers/STM32F103C6_SPI_Driver.o
 .debug_line    0x00000000000030da      0x7eb ./STM32F103C6_Drivers/STM32F103C6_USART_Drivers.o
 .debug_line    0x00000000000038c5      0x72e ./Src/main.o
 .debug_line    0x0000000000003ff3       0x84 ./Startup/startup_stm32f103c6tx.o

.debug_str      0x0000000000000000     0xc602
 .debug_str     0x0000000000000000     0x97e1 ./HAL/EEPROM.o
                                       0x99ee (size before relaxing)
 .debug_str     0x00000000000097e1     0x1441 ./STM32F103C6_Drivers/STM32F103C6_EXTI_Driver.o
                                       0xa8e9 (size before relaxing)
 .debug_str     0x000000000000ac22      0x151 ./STM32F103C6_Drivers/STM32F103C6_GPIO_Driver.o
                                       0x9661 (size before relaxing)
 .debug_str     0x000000000000ad73      0x239 ./STM32F103C6_Drivers/STM32F103C6_I2C_Driver.o
                                       0x9c69 (size before relaxing)
 .debug_str     0x000000000000afac       0x92 ./STM32F103C6_Drivers/STM32F103C6_RCC_Drivers.o
                                       0x91ec (size before relaxing)
 .debug_str     0x000000000000b03e      0x7af ./STM32F103C6_Drivers/STM32F103C6_SPI_Driver.o
                                       0x9d10 (size before relaxing)
 .debug_str     0x000000000000b7ed      0x88d ./STM32F103C6_Drivers/STM32F103C6_USART_Drivers.o
                                       0x9e36 (size before relaxing)
 .debug_str     0x000000000000c07a      0x557 ./Src/main.o
                                       0xbb21 (size before relaxing)
 .debug_str     0x000000000000c5d1       0x31 ./Startup/startup_stm32f103c6tx.o
                                         0x88 (size before relaxing)

.comment        0x0000000000000000       0x50
 .comment       0x0000000000000000       0x50 ./HAL/EEPROM.o
                                         0x51 (size before relaxing)
 .comment       0x0000000000000050       0x51 ./STM32F103C6_Drivers/STM32F103C6_EXTI_Driver.o
 .comment       0x0000000000000050       0x51 ./STM32F103C6_Drivers/STM32F103C6_GPIO_Driver.o
 .comment       0x0000000000000050       0x51 ./STM32F103C6_Drivers/STM32F103C6_I2C_Driver.o
 .comment       0x0000000000000050       0x51 ./STM32F103C6_Drivers/STM32F103C6_RCC_Drivers.o
 .comment       0x0000000000000050       0x51 ./STM32F103C6_Drivers/STM32F103C6_SPI_Driver.o
 .comment       0x0000000000000050       0x51 ./STM32F103C6_Drivers/STM32F103C6_USART_Drivers.o
 .comment       0x0000000000000050       0x51 ./Src/main.o

.debug_frame    0x0000000000000000      0x964
 .debug_frame   0x0000000000000000       0x80 ./HAL/EEPROM.o
 .debug_frame   0x0000000000000080      0x1b0 ./STM32F103C6_Drivers/STM32F103C6_EXTI_Driver.o
 .debug_frame   0x0000000000000230      0x178 ./STM32F103C6_Drivers/STM32F103C6_GPIO_Driver.o
 .debug_frame   0x00000000000003a8      0x1e4 ./STM32F103C6_Drivers/STM32F103C6_I2C_Driver.o
 .debug_frame   0x000000000000058c       0x84 ./STM32F103C6_Drivers/STM32F103C6_RCC_Drivers.o
 .debug_frame   0x0000000000000610      0x148 ./STM32F103C6_Drivers/STM32F103C6_SPI_Driver.o
 .debug_frame   0x0000000000000758      0x14c ./STM32F103C6_Drivers/STM32F103C6_USART_Drivers.o
 .debug_frame   0x00000000000008a4       0x94 ./Src/main.o
 .debug_frame   0x0000000000000938       0x2c c:/st/stm32cubeide_1.12.0/stm32cubeide/plugins/com.st.stm32cube.ide.mcu.externaltools.gnu-tools-for-stm32.10.3-2021.10.win32_1.0.200.202301161003/tools/bin/../lib/gcc/arm-none-eabi/10.3.1/../../../../arm-none-eabi/lib/thumb/v7-m/nofp\libc_nano.a(lib_a-init.o)
