Archive member included to satisfy reference by file (symbol)

c:/st/stm32cubeide_1.12.0/stm32cubeide/plugins/com.st.stm32cube.ide.mcu.externaltools.gnu-tools-for-stm32.10.3-2021.10.win32_1.0.200.202301161003/tools/bin/../lib/gcc/arm-none-eabi/10.3.1/../../../../arm-none-eabi/lib/thumb/v7-m/nofp\libc_nano.a(lib_a-errno.o)
                              ./Src/syscalls.o (__errno)
c:/st/stm32cubeide_1.12.0/stm32cubeide/plugins/com.st.stm32cube.ide.mcu.externaltools.gnu-tools-for-stm32.10.3-2021.10.win32_1.0.200.202301161003/tools/bin/../lib/gcc/arm-none-eabi/10.3.1/../../../../arm-none-eabi/lib/thumb/v7-m/nofp\libc_nano.a(lib_a-exit.o)
                              c:/st/stm32cubeide_1.12.0/stm32cubeide/plugins/com.st.stm32cube.ide.mcu.externaltools.gnu-tools-for-stm32.10.3-2021.10.win32_1.0.200.202301161003/tools/bin/../lib/gcc/arm-none-eabi/10.3.1/../../../../arm-none-eabi/lib/thumb/v7-m/nofp/crt0.o (exit)
c:/st/stm32cubeide_1.12.0/stm32cubeide/plugins/com.st.stm32cube.ide.mcu.externaltools.gnu-tools-for-stm32.10.3-2021.10.win32_1.0.200.202301161003/tools/bin/../lib/gcc/arm-none-eabi/10.3.1/../../../../arm-none-eabi/lib/thumb/v7-m/nofp\libc_nano.a(lib_a-impure.o)
                              c:/st/stm32cubeide_1.12.0/stm32cubeide/plugins/com.st.stm32cube.ide.mcu.externaltools.gnu-tools-for-stm32.10.3-2021.10.win32_1.0.200.202301161003/tools/bin/../lib/gcc/arm-none-eabi/10.3.1/../../../../arm-none-eabi/lib/thumb/v7-m/nofp\libc_nano.a(lib_a-exit.o) (_global_impure_ptr)
c:/st/stm32cubeide_1.12.0/stm32cubeide/plugins/com.st.stm32cube.ide.mcu.externaltools.gnu-tools-for-stm32.10.3-2021.10.win32_1.0.200.202301161003/tools/bin/../lib/gcc/arm-none-eabi/10.3.1/../../../../arm-none-eabi/lib/thumb/v7-m/nofp\libc_nano.a(lib_a-init.o)
                              c:/st/stm32cubeide_1.12.0/stm32cubeide/plugins/com.st.stm32cube.ide.mcu.externaltools.gnu-tools-for-stm32.10.3-2021.10.win32_1.0.200.202301161003/tools/bin/../lib/gcc/arm-none-eabi/10.3.1/../../../../arm-none-eabi/lib/thumb/v7-m/nofp/crt0.o (__libc_init_array)
c:/st/stm32cubeide_1.12.0/stm32cubeide/plugins/com.st.stm32cube.ide.mcu.externaltools.gnu-tools-for-stm32.10.3-2021.10.win32_1.0.200.202301161003/tools/bin/../lib/gcc/arm-none-eabi/10.3.1/../../../../arm-none-eabi/lib/thumb/v7-m/nofp\libc_nano.a(lib_a-memset.o)
                              c:/st/stm32cubeide_1.12.0/stm32cubeide/plugins/com.st.stm32cube.ide.mcu.externaltools.gnu-tools-for-stm32.10.3-2021.10.win32_1.0.200.202301161003/tools/bin/../lib/gcc/arm-none-eabi/10.3.1/../../../../arm-none-eabi/lib/thumb/v7-m/nofp/crt0.o (memset)
c:/st/stm32cubeide_1.12.0/stm32cubeide/plugins/com.st.stm32cube.ide.mcu.externaltools.gnu-tools-for-stm32.10.3-2021.10.win32_1.0.200.202301161003/tools/bin/../lib/gcc/arm-none-eabi/10.3.1/../../../../arm-none-eabi/lib/thumb/v7-m/nofp\libc_nano.a(lib_a-sprintf.o)
                              ./HAL/lcd_driver/lcd_driver.o (sprintf)
c:/st/stm32cubeide_1.12.0/stm32cubeide/plugins/com.st.stm32cube.ide.mcu.externaltools.gnu-tools-for-stm32.10.3-2021.10.win32_1.0.200.202301161003/tools/bin/../lib/gcc/arm-none-eabi/10.3.1/../../../../arm-none-eabi/lib/thumb/v7-m/nofp\libc_nano.a(lib_a-nano-svfprintf.o)
                              c:/st/stm32cubeide_1.12.0/stm32cubeide/plugins/com.st.stm32cube.ide.mcu.externaltools.gnu-tools-for-stm32.10.3-2021.10.win32_1.0.200.202301161003/tools/bin/../lib/gcc/arm-none-eabi/10.3.1/../../../../arm-none-eabi/lib/thumb/v7-m/nofp\libc_nano.a(lib_a-sprintf.o) (_svfprintf_r)
c:/st/stm32cubeide_1.12.0/stm32cubeide/plugins/com.st.stm32cube.ide.mcu.externaltools.gnu-tools-for-stm32.10.3-2021.10.win32_1.0.200.202301161003/tools/bin/../lib/gcc/arm-none-eabi/10.3.1/../../../../arm-none-eabi/lib/thumb/v7-m/nofp\libc_nano.a(lib_a-nano-vfprintf_i.o)
                              c:/st/stm32cubeide_1.12.0/stm32cubeide/plugins/com.st.stm32cube.ide.mcu.externaltools.gnu-tools-for-stm32.10.3-2021.10.win32_1.0.200.202301161003/tools/bin/../lib/gcc/arm-none-eabi/10.3.1/../../../../arm-none-eabi/lib/thumb/v7-m/nofp\libc_nano.a(lib_a-nano-svfprintf.o) (_printf_i)
c:/st/stm32cubeide_1.12.0/stm32cubeide/plugins/com.st.stm32cube.ide.mcu.externaltools.gnu-tools-for-stm32.10.3-2021.10.win32_1.0.200.202301161003/tools/bin/../lib/gcc/arm-none-eabi/10.3.1/../../../../arm-none-eabi/lib/thumb/v7-m/nofp\libc_nano.a(lib_a-memchr-stub.o)
                              c:/st/stm32cubeide_1.12.0/stm32cubeide/plugins/com.st.stm32cube.ide.mcu.externaltools.gnu-tools-for-stm32.10.3-2021.10.win32_1.0.200.202301161003/tools/bin/../lib/gcc/arm-none-eabi/10.3.1/../../../../arm-none-eabi/lib/thumb/v7-m/nofp\libc_nano.a(lib_a-nano-svfprintf.o) (memchr)
c:/st/stm32cubeide_1.12.0/stm32cubeide/plugins/com.st.stm32cube.ide.mcu.externaltools.gnu-tools-for-stm32.10.3-2021.10.win32_1.0.200.202301161003/tools/bin/../lib/gcc/arm-none-eabi/10.3.1/../../../../arm-none-eabi/lib/thumb/v7-m/nofp\libc_nano.a(lib_a-memcpy-stub.o)
[...]
Memory Configuration

Name             Origin             Length             Attributes
RAM              0x0000000020000000 0x0000000000002800 xrw
FLASH            0x0000000008000000 0x0000000000008000 xr
*default*        0x0000000000000000 0xffffffffffffffff

Linker script and memory map

LOAD c:/st/stm32cubeide_1.12.0/stm32cubeide/plugins/com.st.stm32cube.ide.mcu.externaltools.gnu-tools-for-stm32.10.3-2021.10.win32_1.0.200.202301161003/tools/bin/../lib/gcc/arm-none-eabi/10.3.1/thumb/v7-m/nofp/crti.o
LOAD c:/st/stm32cubeide_1.12.0/stm32cubeide/plugins/com.st.stm32cube.ide.mcu.externaltools.gnu-tools-for-stm32.10.3-2021.10.win32_1.0.200.202301161003/tools/bin/../lib/gcc/arm-none-eabi/10.3.1/thumb/v7-m/nofp/crtbegin.o
LOAD c:/st/stm32cubeide_1.12.0/stm32cubeide/plugins/com.st.stm32cube.ide.mcu.externaltools.gnu-tools-for-stm32.10.3-2021.10.win32_1.0.200.202301161003/tools/bin/../lib/gcc/arm-none-eabi/10.3.1/../../../../arm-none-eabi/lib/thumb/v7-m/nofp/crt0.o
LOAD ./HAL/keypad_driver/keypad_Driver.o
LOAD ./HAL/lcd_driver/lcd_driver.o
LOAD ./STM32F103C6_Drivers/STM32F103C6_EXTI_Driver.o
LOAD ./STM32F103C6_Drivers/STM32F103C6_GPIO_Driver.o
LOAD ./Src/main.o
LOAD ./Src/syscalls.o
LOAD ./Src/sysmem.o
LOAD ./Startup/startup_stm32f103c6tx.o
START GROUP
LOAD c:/st/stm32cubeide_1.12.0/stm32cubeide/plugins/com.st.stm32cube.ide.mcu.externaltools.gnu-tools-for-stm32.10.3-2021.10.win32_1.0.200.202301161003/tools/bin/../lib/gcc/arm-none-eabi/10.3.1/../../../../arm-none-eabi/lib/thumb/v7-m/nofp\libc_nano.a
LOAD c:/st/stm32cubeide_1.12.0/stm32cubeide/plugins/com.st.stm32cube.ide.mcu.externaltools.gnu-tools-for-stm32.10.3-2021.10.win32_1.0.200.202301161003/tools/bin/../lib/gcc/arm-none-eabi/10.3.1/../../../../arm-none-eabi/lib/thumb/v7-m/nofp\libm.a
END GROUP
START GROUP
LOAD c:/st/stm32cubeide_1.12.0/stm32cubeide/plugins/com.st.stm32cube.ide.mcu.externaltools.gnu-tools-for-stm32.10.3-2021.10.win32_1.0.200.202301161003/tools/bin/../lib/gcc/arm-none-eabi/10.3.1/thumb/v7-m/nofp\libgcc.a
LOAD c:/st/stm32cubeide_1.12.0/stm32cubeide/plugins/com.st.stm32cube.ide.mcu.externaltools.gnu-tools-for-stm32.10.3-2021.10.win32_1.0.200.202301161003/tools/bin/../lib/gcc/arm-none-eabi/10.3.1/../../../../arm-none-eabi/lib/thumb/v7-m/nofp\libg_nano.a
LOAD c:/st/stm32cubeide_1.12.0/stm32cubeide/plugins/com.st.stm32cube.ide.mcu.externaltools.gnu-tools-for-stm32.10.3-2021.10.win32_1.0.200.202301161003/tools/bin/../lib/gcc/arm-none-eabi/10.3.1/../../../../arm-none-eabi/lib/thumb/v7-m/nofp\libc_nano.a
END GROUP
START GROUP
LOAD c:/st/stm32cubeide_1.12.0/stm32cubeide/plugins/com.st.stm32cube.ide.mcu.externaltools.gnu-tools-for-stm32.10.3-2021.10.win32_1.0.200.202301161003/tools/bin/../lib/gcc/arm-none-eabi/10.3.1/thumb/v7-m/nofp\libgcc.a
LOAD c:/st/stm32cubeide_1.12.0/stm32cubeide/plugins/com.st.stm32cube.ide.mcu.externaltools.gnu-tools-for-stm32.10.3-2021.10.win32_1.0.200.202301161003/tools/bin/../lib/gcc/arm-none-eabi/10.3.1/../../../../arm-none-eabi/lib/thumb/v7-m/nofp\libc_nano.a
LOAD c:/st/stm32cubeide_1.12.0/stm32cubeide/plugins/com.st.stm32cube.ide.mcu.externaltools.gnu-tools-for-stm32.10.3-2021.10.win32_1.0.200.202301161003/tools/bin/../lib/gcc/arm-none-eabi/10.3.1/../../../../arm-none-eabi/lib/thumb/v7-m/nofp\libnosys.a
END GROUP
START GROUP
LOAD c:/st/stm32cubeide_1.12.0/stm32cubeide/plugins/com.st.stm32cube.ide.mcu.externaltools.gnu-tools-for-stm32.10.3-2021.10.win32_1.0.200.202301161003/tools/bin/../lib/gcc/arm-none-eabi/10.3.1/thumb/v7-m/nofp\libgcc.a
LOAD c:/st/stm32cubeide_1.12.0/stm32cubeide/plugins/com.st.stm32cube.ide.mcu.externaltools.gnu-tools-for-stm32.10.3-2021.10.win32_1.0.200.202301161003/tools/bin/../lib/gcc/arm-none-eabi/10.3.1/../../../../arm-none-eabi/lib/thumb/v7-m/nofp\libc_nano.a
LOAD c:/st/stm32cubeide_1.12.0/stm32cubeide/plugins/com.st.stm32cube.ide.mcu.externaltools.gnu-tools-for-stm32.10.3-2021.10.win32_1.0.200.202301161003/tools/bin/../lib/gcc/arm-none-eabi/10.3.1/../../../../arm-none-eabi/lib/thumb/v7-m/nofp\libnosys.a
END GROUP
LOAD c:/st/stm32cubeide_1.12.0/stm32cubeide/plugins/com.st.stm32cube.ide.mcu.externaltools.gnu-tools-for-stm32.10.3-2021.10.win32_1.0.200.202301161003/tools/bin/../lib/gcc/arm-none-eabi/10.3.1/thumb/v7-m/nofp/crtend.o
LOAD c:/st/stm32cubeide_1.12.0/stm32cubeide/plugins/com.st.stm32cube.ide.mcu.externaltools.gnu-tools-for-stm32.10.3-2021.10.win32_1.0.200.202301161003/tools/bin/../lib/gcc/arm-none-eabi/10.3.1/thumb/v7-m/nofp/crtn.o
                0x0000000020002800                _estack = (ORIGIN (RAM) + LENGTH (RAM))
                0x0000000000000200                _Min_Heap_Size = 0x200
                0x0000000000000400                _Min_Stack_Size = 0x400

.isr_vector     0x0000000008000000      0x130
                0x0000000008000000                . = ALIGN (0x4)
 *(.isr_vector)
 .isr_vector    0x0000000008000000      0x130 ./Startup/startup_stm32f103c6tx.o
                0x0000000008000000                g_pfnVectors
                0x0000000008000130                . = ALIGN (0x4)

.text           0x0000000008000130      0xd08
                0x0000000008000130                . = ALIGN (0x4)
 *(.text)
 .text          0x0000000008000130       0x40 c:/st/stm32cubeide_1.12.0/stm32cubeide/plugins/com.st.stm32cube.ide.mcu.externaltools.gnu-tools-for-stm32.10.3-2021.10.win32_1.0.200.202301161003/tools/bin/../lib/gcc/arm-none-eabi/10.3.1/thumb/v7-m/nofp/crtbegin.o
 *(.text*)
 .text.delay_ms
                0x0000000008000170       0x3a ./HAL/lcd_driver/lcd_driver.o
                0x0000000008000170                delay_ms
 *fill*         0x00000000080001aa        0x2 
 .text.LCD_Init
                0x00000000080001ac      0x158 ./HAL/lcd_driver/lcd_driver.o
                0x00000000080001ac                LCD_Init
 .text.LCD_Clear_Screen
                0x0000000008000304        0xe ./HAL/lcd_driver/lcd_driver.o
                0x0000000008000304                LCD_Clear_Screen
 *fill*         0x0000000008000312        0x2 
 .text.LCD_Send_Command
                0x0000000008000314       0x44 ./HAL/lcd_driver/lcd_driver.o
                0x0000000008000314                LCD_Send_Command
 .text.LCD_Send_Character
                0x0000000008000358       0x44 ./HAL/lcd_driver/lcd_driver.o
                0x0000000008000358                LCD_Send_Character
 .text.LCD_Send_String
                0x000000000800039c       0x5a ./HAL/lcd_driver/lcd_driver.o
                0x000000000800039c                LCD_Send_String
 *fill*         0x00000000080003f6        0x2 
 .text.LCD_Kick
                0x00000000080003f8       0x2c ./HAL/lcd_driver/lcd_driver.o
                0x00000000080003f8                LCD_Kick
 .text.LCD_gotoXY
                0x0000000008000424       0x48 ./HAL/lcd_driver/lcd_driver.o
                0x0000000008000424                LCD_gotoXY
 .text.Enable_NVIC
                0x000000000800046c       0xcc ./STM32F103C6_Drivers/STM32F103C6_EXTI_Driver.o
                0x000000000800046c                Enable_NVIC
 .text.Disable_NVIC
                0x0000000008000538       0xcc ./STM32F103C6_Drivers/STM32F103C6_EXTI_Driver.o
                0x0000000008000538                Disable_NVIC
 .text.update_EXTI
                0x0000000008000604      0x1d8 ./STM32F103C6_Drivers/STM32F103C6_EXTI_Driver.o
                0x0000000008000604                update_EXTI
 .text.MCAL_EXTI_GPIO_Init
                0x00000000080007dc       0x16 ./STM32F103C6_Drivers/STM32F103C6_EXTI_Driver.o
                0x00000000080007dc                MCAL_EXTI_GPIO_Init
 *fill*         0x00000000080007f2        0x2 
 .text.EXTI0_IRQHandler
                0x00000000080007f4       0x24 ./STM32F103C6_Drivers/STM32F103C6_EXTI_Driver.o
                0x00000000080007f4                EXTI0_IRQHandler
 .text.EXTI1_IRQHandler
                0x0000000008000818       0x24 ./STM32F103C6_Drivers/STM32F103C6_EXTI_Driver.o
                0x0000000008000818                EXTI1_IRQHandler
 .text.EXTI2_IRQHandler
                0x000000000800083c       0x24 ./STM32F103C6_Drivers/STM32F103C6_EXTI_Driver.o
                0x000000000800083c                EXTI2_IRQHandler
 .text.EXTI3_IRQHandler
                0x0000000008000860       0x24 ./STM32F103C6_Drivers/STM32F103C6_EXTI_Driver.o
                0x0000000008000860                EXTI3_IRQHandler
 .text.EXTI4_IRQHandler
                0x0000000008000884       0x24 ./STM32F103C6_Drivers/STM32F103C6_EXTI_Driver.o
                0x0000000008000884                EXTI4_IRQHandler
 .text.EXTI9_5_IRQHandler
                0x00000000080008a8       0xa8 ./STM32F103C6_Drivers/STM32F103C6_EXTI_Driver.o
                0x00000000080008a8                EXTI9_5_IRQHandler
 .text.EXTI15_10_IRQHandler
                0x0000000008000950       0xc4 ./STM32F103C6_Drivers/STM32F103C6_EXTI_Driver.o
                0x0000000008000950                EXTI15_10_IRQHandler
 .text.Get_CRLH_Position
                0x0000000008000a14      0x170 ./STM32F103C6_Drivers/STM32F103C6_GPIO_Driver.o
                0x0000000008000a14                Get_CRLH_Position
 .text.MCAL_GPIO_Init
                0x0000000008000b84       0xfe ./STM32F103C6_Drivers/STM32F103C6_GPIO_Driver.o
                0x0000000008000b84                MCAL_GPIO_Init
 .text.MCAL_GPIO_WritePin
                0x0000000008000c82       0x2e ./STM32F103C6_Drivers/STM32F103C6_GPIO_Driver.o
                0x0000000008000c82                MCAL_GPIO_WritePin
 .text.MCAL_GPIO_WritePort
                0x0000000008000cb0       0x1c ./STM32F103C6_Drivers/STM32F103C6_GPIO_Driver.o
                0x0000000008000cb0                MCAL_GPIO_WritePort
 .text.Clock_Init
                0x0000000008000ccc       0x34 ./Src/main.o
                0x0000000008000ccc                Clock_Init
 .text.EXTI9_Callback
                0x0000000008000d00       0x28 ./Src/main.o
                0x0000000008000d00                EXTI9_Callback
 .text.main     0x0000000008000d28       0x5c ./Src/main.o
                0x0000000008000d28                main
 .text.Reset_Handler
                0x0000000008000d84       0x50 ./Startup/startup_stm32f103c6tx.o
                0x0000000008000d84                Reset_Handler
 .text.Default_Handler
                0x0000000008000dd4        0x2 ./Startup/startup_stm32f103c6tx.o
                0x0000000008000dd4                TIM8_TRG_COM_IRQHandler
                0x0000000008000dd4                TIM8_CC_IRQHandler
                0x0000000008000dd4                DebugMon_Handler
                0x0000000008000dd4                TIM1_CC_IRQHandler
                0x0000000008000dd4                HardFault_Handler
                0x0000000008000dd4                TIM6_IRQHandler
                0x0000000008000dd4                SysTick_Handler
                0x0000000008000dd4                PVD_IRQHandler
                0x0000000008000dd4                SDIO_IRQHandler
                0x0000000008000dd4                PendSV_Handler
                0x0000000008000dd4                NMI_Handler
                0x0000000008000dd4                USB_HP_CAN_TX_IRQHandler
                0x0000000008000dd4                I2C2_EV_IRQHandler
                0x0000000008000dd4                UsageFault_Handler
                0x0000000008000dd4                ADC1_2_IRQHandler
                0x0000000008000dd4                SPI1_IRQHandler
                0x0000000008000dd4                CAN_SCE_IRQHandler
                0x0000000008000dd4                TAMPER_IRQHandler
                0x0000000008000dd4                TIM8_UP_IRQHandler
                0x0000000008000dd4                DMA2_Channel2_IRQHandler
                0x0000000008000dd4                DMA1_Channel4_IRQHandler
                0x0000000008000dd4                USART3_IRQHandler
                0x0000000008000dd4                RTC_IRQHandler
                0x0000000008000dd4                DMA1_Channel7_IRQHandler
                0x0000000008000dd4                UART5_IRQHandler
                0x0000000008000dd4                ADC3_IRQHandler
                0x0000000008000dd4                TIM4_IRQHandler
                0x0000000008000dd4                CAN_RX1_IRQHandler
                0x0000000008000dd4                DMA2_Channel1_IRQHandler
                0x0000000008000dd4                I2C1_EV_IRQHandler
                0x0000000008000dd4                DMA1_Channel6_IRQHandler
                0x0000000008000dd4                UART4_IRQHandler
                0x0000000008000dd4                TIM3_IRQHandler
                0x0000000008000dd4                RCC_IRQHandler
                0x0000000008000dd4                TIM1_TRG_COM_IRQHandler
                0x0000000008000dd4                DMA1_Channel1_IRQHandler
                0x0000000008000dd4                Default_Handler
                0x0000000008000dd4                TIM7_IRQHandler
                0x0000000008000dd4                TIM5_IRQHandler
                0x0000000008000dd4                SPI2_IRQHandler
                0x0000000008000dd4                USB_LP_CAN_RX0_IRQHandler
                0x0000000008000dd4                MemManage_Handler
                0x0000000008000dd4                SVC_Handler
                0x0000000008000dd4                DMA1_Channel5_IRQHandler
                0x0000000008000dd4                DMA1_Channel3_IRQHandler
                0x0000000008000dd4                FSMC_IRQHandler
                0x0000000008000dd4                TIM1_UP_IRQHandler
                0x0000000008000dd4                WWDG_IRQHandler
                0x0000000008000dd4                TIM2_IRQHandler
                0x0000000008000dd4                TIM1_BRK_IRQHandler
                0x0000000008000dd4                RTCAlarm_IRQHandler
                0x0000000008000dd4                DMA2_Channel4_5_IRQHandler
                0x0000000008000dd4                USART2_IRQHandler
                0x0000000008000dd4                I2C2_ER_IRQHandler
                0x0000000008000dd4                DMA1_Channel2_IRQHandler
                0x0000000008000dd4                TIM8_BRK_IRQHandler
                0x0000000008000dd4                FLASH_IRQHandler
                0x0000000008000dd4                BusFault_Handler
                0x0000000008000dd4                USART1_IRQHandler
                0x0000000008000dd4                SPI3_IRQHandler
                0x0000000008000dd4                I2C1_ER_IRQHandler
                0x0000000008000dd4                DMA2_Channel3_IRQHandler
 *fill*         0x0000000008000dd6        0x2 
 .text.__libc_init_array
                0x0000000008000dd8       0x48 c:/st/stm32cubeide_1.12.0/stm32cubeide/plugins/com.st.stm32cube.ide.mcu.externaltools.gnu-tools-for-stm32.10.3-2021.10.win32_1.0.200.202301161003/tools/bin/../lib/gcc/arm-none-eabi/10.3.1/../../../../arm-none-eabi/lib/thumb/v7-m/nofp\libc_nano.a(lib_a-init.o)
                0x0000000008000dd8                __libc_init_array
 *(.glue_7)
 .glue_7        0x0000000008000e20        0x0 linker stubs
 *(.glue_7t)
 .glue_7t       0x0000000008000e20        0x0 linker stubs
 *(.eh_frame)
 .eh_frame      0x0000000008000e20        0x0 c:/st/stm32cubeide_1.12.0/stm32cubeide/plugins/com.st.stm32cube.ide.mcu.externaltools.gnu-tools-for-stm32.10.3-2021.10.win32_1.0.200.202301161003/tools/bin/../lib/gcc/arm-none-eabi/10.3.1/thumb/v7-m/nofp/crtbegin.o
 *(.init)
 .init          0x0000000008000e20        0x4 c:/st/stm32cubeide_1.12.0/stm32cubeide/plugins/com.st.stm32cube.ide.mcu.externaltools.gnu-tools-for-stm32.10.3-2021.10.win32_1.0.200.202301161003/tools/bin/../lib/gcc/arm-none-eabi/10.3.1/thumb/v7-m/nofp/crti.o
                0x0000000008000e20                _init
 .init          0x0000000008000e24        0x8 c:/st/stm32cubeide_1.12.0/stm32cubeide/plugins/com.st.stm32cube.ide.mcu.externaltools.gnu-tools-for-stm32.10.3-2021.10.win32_1.0.200.202301161003/tools/bin/../lib/gcc/arm-none-eabi/10.3.1/thumb/v7-m/nofp/crtn.o
 *(.fini)
 .fini          0x0000000008000e2c        0x4 c:/st/stm32cubeide_1.12.0/stm32cubeide/plugins/com.st.stm32cube.ide.mcu.externaltools.gnu-tools-for-stm32.10.3-2021.10.win32_1.0.200.202301161003/tools/bin/../lib/gcc/arm-none-eabi/10.3.1/thumb/v7-m/nofp/crti.o
                0x0000000008000e2c                _fini
 .fini          0x0000000008000e30        0x8 c:/st/stm32cubeide_1.12.0/stm32cubeide/plugins/com.st.stm32cube.ide.mcu.externaltools.gnu-tools-for-stm32.10.3-2021.10.win32_1.0.200.202301161003/tools/bin/../lib/gcc/arm-none-eabi/10.3.1/thumb/v7-m/nofp/crtn.o
                0x0000000008000e38                . = ALIGN (0x4)
                0x0000000008000e38                _etext = .

.vfp11_veneer   0x0000000008000e38        0x0
 .vfp11_veneer  0x0000000008000e38        0x0 linker stubs

.v4_bx          0x0000000008000e38        0x0
 .v4_bx         0x0000000008000e38        0x0 linker stubs

.iplt           0x0000000008000e38        0x0
 .iplt          0x0000000008000e38        0x0 c:/st/stm32cubeide_1.12.0/stm32cubeide/plugins/com.st.stm32cube.ide.mcu.externaltools.gnu-tools-for-stm32.10.3-2021.10.win32_1.0.200.202301161003/tools/bin/../lib/gcc/arm-none-eabi/10.3.1/thumb/v7-m/nofp/crtbegin.o

.rodata         0x0000000008000e38       0x28
                0x0000000008000e38                . = ALIGN (0x4)
 *(.rodata)
 .rodata        0x0000000008000e38       0x28 ./Src/main.o
 *(.rodata*)
                0x0000000008000e60                . = ALIGN (0x4)

.rel.dyn        0x0000000008000e60        0x0
 .rel.iplt      0x0000000008000e60        0x0 c:/st/stm32cubeide_1.12.0/stm32cubeide/plugins/com.st.stm32cube.ide.mcu.externaltools.gnu-tools-for-stm32.10.3-2021.10.win32_1.0.200.202301161003/tools/bin/../lib/gcc/arm-none-eabi/10.3.1/thumb/v7-m/nofp/crtbegin.o

.ARM.extab      0x0000000008000e60        0x0
                0x0000000008000e60                . = ALIGN (0x4)
 *(.ARM.extab* .gnu.linkonce.armextab.*)
                0x0000000008000e60                . = ALIGN (0x4)

.ARM            0x0000000008000e60        0x0
                0x0000000008000e60                . = ALIGN (0x4)
                0x0000000008000e60                __exidx_start = .
 *(.ARM.exidx*)
                0x0000000008000e60                __exidx_end = .
                0x0000000008000e60                . = ALIGN (0x4)

.preinit_array  0x0000000008000e60        0x0
                0x0000000008000e60                . = ALIGN (0x4)
                0x0000000008000e60                PROVIDE (__preinit_array_start = .)
 *(.preinit_array*)
                0x0000000008000e60                PROVIDE (__preinit_array_end = .)
                0x0000000008000e60                . = ALIGN (0x4)

.init_array     0x0000000008000e60        0x4
                0x0000000008000e60                . = ALIGN (0x4)
                0x0000000008000e60                PROVIDE (__init_array_start = .)
 *(SORT_BY_NAME(.init_array.*))
 *(.init_array*)
 .init_array    0x0000000008000e60        0x4 c:/st/stm32cubeide_1.12.0/stm32cubeide/plugins/com.st.stm32cube.ide.mcu.externaltools.gnu-tools-for-stm32.10.3-2021.10.win32_1.0.200.202301161003/tools/bin/../lib/gcc/arm-none-eabi/10.3.1/thumb/v7-m/nofp/crtbegin.o
                0x0000000008000e64                PROVIDE (__init_array_end = .)
                0x0000000008000e64                . = ALIGN (0x4)

.fini_array     0x0000000008000e64        0x4
                0x0000000008000e64                . = ALIGN (0x4)
                [!provide]                        PROVIDE (__fini_array_start = .)
 *(SORT_BY_NAME(.fini_array.*))
 *(.fini_array*)
 .fini_array    0x0000000008000e64        0x4 c:/st/stm32cubeide_1.12.0/stm32cubeide/plugins/com.st.stm32cube.ide.mcu.externaltools.gnu-tools-for-stm32.10.3-2021.10.win32_1.0.200.202301161003/tools/bin/../lib/gcc/arm-none-eabi/10.3.1/thumb/v7-m/nofp/crtbegin.o
                [!provide]                        PROVIDE (__fini_array_end = .)
                0x0000000008000e68                . = ALIGN (0x4)
                0x0000000008000e68                _sidata = LOADADDR (.data)

.data           0x0000000020000000        0x0 load address 0x0000000008000e68
                0x0000000020000000                . = ALIGN (0x4)
                0x0000000020000000                _sdata = .
 *(.data)
 *(.data*)
 *(.RamFunc)
 *(.RamFunc*)
                0x0000000020000000                . = ALIGN (0x4)
                0x0000000020000000                _edata = .

.igot.plt       0x0000000020000000        0x0 load address 0x0000000008000e68
 .igot.plt      0x0000000020000000        0x0 c:/st/stm32cubeide_1.12.0/stm32cubeide/plugins/com.st.stm32cube.ide.mcu.externaltools.gnu-tools-for-stm32.10.3-2021.10.win32_1.0.200.202301161003/tools/bin/../lib/gcc/arm-none-eabi/10.3.1/thumb/v7-m/nofp/crtbegin.o
                0x0000000020000000                . = ALIGN (0x4)

.bss            0x0000000020000000       0x5c load address 0x0000000008000e68
                0x0000000020000000                _sbss = .
                0x0000000020000000                __bss_start__ = _sbss
 *(.bss)
 .bss           0x0000000020000000       0x1c c:/st/stm32cubeide_1.12.0/stm32cubeide/plugins/com.st.stm32cube.ide.mcu.externaltools.gnu-tools-for-stm32.10.3-2021.10.win32_1.0.200.202301161003/tools/bin/../lib/gcc/arm-none-eabi/10.3.1/thumb/v7-m/nofp/crtbegin.o
 *(.bss*)
 .bss.GP_IRQ_CallBack
                0x000000002000001c       0x3c ./STM32F103C6_Drivers/STM32F103C6_EXTI_Driver.o
                0x000000002000001c                GP_IRQ_CallBack
 .bss.IRQ_Flag  0x0000000020000058        0x1 ./Src/main.o
                0x0000000020000058                IRQ_Flag
 *(COMMON)
                0x000000002000005c                . = ALIGN (0x4)
 *fill*         0x0000000020000059        0x3 
                0x000000002000005c                _ebss = .
                0x000000002000005c                __bss_end__ = _ebss

._user_heap_stack
                0x000000002000005c      0x604 load address 0x0000000008000e68
                0x0000000020000060                . = ALIGN (0x8)
 *fill*         0x000000002000005c        0x4 
                [!provide]                        PROVIDE (end = .)
                0x0000000020000060                PROVIDE (_end = .)
                0x0000000020000260                . = (. + _Min_Heap_Size)
 *fill*         0x0000000020000060      0x200 
                0x0000000020000660                . = (. + _Min_Stack_Size)
 *fill*         0x0000000020000260      0x400 
                0x0000000020000660                . = ALIGN (0x8)

/DISCARD/
 libc.a(*)
 libm.a(*)
 libgcc.a(*)

.ARM.attributes
                0x0000000000000000       0x29
 *(.ARM.attributes)
 .ARM.attributes
                0x0000000000000000       0x1d c:/st/stm32cubeide_1.12.0/stm32cubeide/plugins/com.st.stm32cube.ide.mcu.externaltools.gnu-tools-for-stm32.10.3-2021.10.win32_1.0.200.202301161003/tools/bin/../lib/gcc/arm-none-eabi/10.3.1/thumb/v7-m/nofp/crti.o
 .ARM.attributes
                0x000000000000001d       0x2d c:/st/stm32cubeide_1.12.0/stm32cubeide/plugins/com.st.stm32cube.ide.mcu.externaltools.gnu-tools-for-stm32.10.3-2021.10.win32_1.0.200.202301161003/tools/bin/../lib/gcc/arm-none-eabi/10.3.1/thumb/v7-m/nofp/crtbegin.o
 .ARM.attributes
                0x000000000000004a       0x2d ./HAL/lcd_driver/lcd_driver.o
 .ARM.attributes
                0x0000000000000077       0x2d ./STM32F103C6_Drivers/STM32F103C6_EXTI_Driver.o
 .ARM.attributes
                0x00000000000000a4       0x2d ./STM32F103C6_Drivers/STM32F103C6_GPIO_Driver.o
 .ARM.attributes
                0x00000000000000d1       0x2d ./Src/main.o
 .ARM.attributes
                0x00000000000000fe       0x21 ./Startup/startup_stm32f103c6tx.o
 .ARM.attributes
                0x000000000000011f       0x2d c:/st/stm32cubeide_1.12.0/stm32cubeide/plugins/com.st.stm32cube.ide.mcu.externaltools.gnu-tools-for-stm32.10.3-2021.10.win32_1.0.200.202301161003/tools/bin/../lib/gcc/arm-none-eabi/10.3.1/../../../../arm-none-eabi/lib/thumb/v7-m/nofp\libc_nano.a(lib_a-init.o)
 .ARM.attributes
                0x000000000000014c       0x1d c:/st/stm32cubeide_1.12.0/stm32cubeide/plugins/com.st.stm32cube.ide.mcu.externaltools.gnu-tools-for-stm32.10.3-2021.10.win32_1.0.200.202301161003/tools/bin/../lib/gcc/arm-none-eabi/10.3.1/thumb/v7-m/nofp/crtn.o
OUTPUT(Driver.elf elf32-littlearm)
LOAD linker stubs
LOAD c:/st/stm32cubeide_1.12.0/stm32cubeide/plugins/com.st.stm32cube.ide.mcu.externaltools.gnu-tools-for-stm32.10.3-2021.10.win32_1.0.200.202301161003/tools/bin/../lib/gcc/arm-none-eabi/10.3.1/../../../../arm-none-eabi/lib/thumb/v7-m/nofp\libc.a
LOAD c:/st/stm32cubeide_1.12.0/stm32cubeide/plugins/com.st.stm32cube.ide.mcu.externaltools.gnu-tools-for-stm32.10.3-2021.10.win32_1.0.200.202301161003/tools/bin/../lib/gcc/arm-none-eabi/10.3.1/../../../../arm-none-eabi/lib/thumb/v7-m/nofp\libm.a
LOAD c:/st/stm32cubeide_1.12.0/stm32cubeide/plugins/com.st.stm32cube.ide.mcu.externaltools.gnu-tools-for-stm32.10.3-2021.10.win32_1.0.200.202301161003/tools/bin/../lib/gcc/arm-none-eabi/10.3.1/thumb/v7-m/nofp\libgcc.a

.debug_info     0x0000000000000000     0x1260
 .debug_info    0x0000000000000000      0x4ba ./HAL/lcd_driver/lcd_driver.o
 .debug_info    0x00000000000004ba      0x531 ./STM32F103C6_Drivers/STM32F103C6_EXTI_Driver.o
 .debug_info    0x00000000000009eb      0x4b9 ./STM32F103C6_Drivers/STM32F103C6_GPIO_Driver.o
 .debug_info    0x0000000000000ea4      0x39a ./Src/main.o
 .debug_info    0x000000000000123e       0x22 ./Startup/startup_stm32f103c6tx.o

.debug_abbrev   0x0000000000000000      0x5f5
 .debug_abbrev  0x0000000000000000      0x19e ./HAL/lcd_driver/lcd_driver.o
 .debug_abbrev  0x000000000000019e      0x1ab ./STM32F103C6_Drivers/STM32F103C6_EXTI_Driver.o
 .debug_abbrev  0x0000000000000349      0x16f ./STM32F103C6_Drivers/STM32F103C6_GPIO_Driver.o
 .debug_abbrev  0x00000000000004b8      0x12b ./Src/main.o
 .debug_abbrev  0x00000000000005e3       0x12 ./Startup/startup_stm32f103c6tx.o

.debug_loc      0x0000000000000000      0xa2e
 .debug_loc     0x0000000000000000      0x336 ./HAL/lcd_driver/lcd_driver.o
 .debug_loc     0x0000000000000336      0x320 ./STM32F103C6_Drivers/STM32F103C6_EXTI_Driver.o
 .debug_loc     0x0000000000000656      0x330 ./STM32F103C6_Drivers/STM32F103C6_GPIO_Driver.o
 .debug_loc     0x0000000000000986       0xa8 ./Src/main.o

.debug_aranges  0x0000000000000000      0x1a8
 .debug_aranges
                0x0000000000000000       0x70 ./HAL/lcd_driver/lcd_driver.o
 .debug_aranges
                0x0000000000000070       0x80 ./STM32F103C6_Drivers/STM32F103C6_EXTI_Driver.o
 .debug_aranges
                0x00000000000000f0       0x60 ./STM32F103C6_Drivers/STM32F103C6_GPIO_Driver.o
 .debug_aranges
                0x0000000000000150       0x30 ./Src/main.o
 .debug_aranges
                0x0000000000000180       0x28 ./Startup/startup_stm32f103c6tx.o

.debug_ranges   0x0000000000000000      0x160
 .debug_ranges  0x0000000000000000       0x60 ./HAL/lcd_driver/lcd_driver.o
 .debug_ranges  0x0000000000000060       0x70 ./STM32F103C6_Drivers/STM32F103C6_EXTI_Driver.o
 .debug_ranges  0x00000000000000d0       0x50 ./STM32F103C6_Drivers/STM32F103C6_GPIO_Driver.o
 .debug_ranges  0x0000000000000120       0x20 ./Src/main.o
 .debug_ranges  0x0000000000000140       0x20 ./Startup/startup_stm32f103c6tx.o

.debug_macro    0x0000000000000000      0xa64
 .debug_macro   0x0000000000000000      0x15f ./HAL/lcd_driver/lcd_driver.o
 .debug_macro   0x000000000000015f      0x10c ./HAL/lcd_driver/lcd_driver.o
 .debug_macro   0x000000000000026b      0x15b ./STM32F103C6_Drivers/STM32F103C6_EXTI_Driver.o
 .debug_macro   0x00000000000003c6       0xd6 ./STM32F103C6_Drivers/STM32F103C6_EXTI_Driver.o
 .debug_macro   0x000000000000049c      0x1bf ./STM32F103C6_Drivers/STM32F103C6_EXTI_Driver.o
 .debug_macro   0x000000000000065b      0x14c ./STM32F103C6_Drivers/STM32F103C6_GPIO_Driver.o
 .debug_macro   0x00000000000007a7      0x1ab ./Src/main.o
 .debug_macro   0x0000000000000952      0x112 ./Src/main.o

.debug_line     0x0000000000000000     0x213e
 .debug_line    0x0000000000000000      0x88d ./HAL/lcd_driver/lcd_driver.o
 .debug_line    0x000000000000088d      0x9cc ./STM32F103C6_Drivers/STM32F103C6_EXTI_Driver.o
 .debug_line    0x0000000000001259      0x7c6 ./STM32F103C6_Drivers/STM32F103C6_GPIO_Driver.o
 .debug_line    0x0000000000001a1f      0x69b ./Src/main.o
 .debug_line    0x00000000000020ba       0x84 ./Startup/startup_stm32f103c6tx.o

.debug_str      0x0000000000000000     0x94b4
 .debug_str     0x0000000000000000     0x7e2c ./HAL/lcd_driver/lcd_driver.o
                                       0x8041 (size before relaxing)
 .debug_str     0x0000000000007e2c     0x13df ./STM32F103C6_Drivers/STM32F103C6_EXTI_Driver.o
                                       0x8eed (size before relaxing)
 .debug_str     0x000000000000920b      0x12f ./STM32F103C6_Drivers/STM32F103C6_GPIO_Driver.o
                                       0x7c65 (size before relaxing)
 .debug_str     0x000000000000933a      0x149 ./Src/main.o
                                       0x924c (size before relaxing)
 .debug_str     0x0000000000009483       0x31 ./Startup/startup_stm32f103c6tx.o
                                         0x88 (size before relaxing)

.comment        0x0000000000000000       0x50
 .comment       0x0000000000000000       0x50 ./HAL/lcd_driver/lcd_driver.o
                                         0x51 (size before relaxing)
 .comment       0x0000000000000050       0x51 ./STM32F103C6_Drivers/STM32F103C6_EXTI_Driver.o
 .comment       0x0000000000000050       0x51 ./STM32F103C6_Drivers/STM32F103C6_GPIO_Driver.o
 .comment       0x0000000000000050       0x51 ./Src/main.o

.debug_frame    0x0000000000000000      0x558
 .debug_frame   0x0000000000000000      0x198 ./HAL/lcd_driver/lcd_driver.o
 .debug_frame   0x0000000000000198      0x1b0 ./STM32F103C6_Drivers/STM32F103C6_EXTI_Driver.o
 .debug_frame   0x0000000000000348      0x178 ./STM32F103C6_Drivers/STM32F103C6_GPIO_Driver.o
 .debug_frame   0x00000000000004c0       0x6c ./Src/main.o
 .debug_frame   0x000000000000052c       0x2c c:/st/stm32cubeide_1.12.0/stm32cubeide/plugins/com.st.stm32cube.ide.mcu.externaltools.gnu-tools-for-stm32.10.3-2021.10.win32_1.0.200.202301161003/tools/bin/../lib/gcc/arm-none-eabi/10.3.1/../../../../arm-none-eabi/lib/thumb/v7-m/nofp\libc_nano.a(lib_a-init.o)
