Archive member included to satisfy reference by file (symbol)

C:/ST/STM32CubeIDE_1.14.1/STM32CubeIDE/plugins/com.st.stm32cube.ide.mcu.externaltools.gnu-tools-for-stm32.11.3.rel1.win32_1.1.100.202309141235/tools/bin/../lib/gcc/arm-none-eabi/11.3.1/../../../../arm-none-eabi/lib/thumb/v7-m/nofp\libc_nano.a(libc_a-exit.o)
                              C:/ST/STM32CubeIDE_1.14.1/STM32CubeIDE/plugins/com.st.stm32cube.ide.mcu.externaltools.gnu-tools-for-stm32.11.3.rel1.win32_1.1.100.202309141235/tools/bin/../lib/gcc/arm-none-eabi/11.3.1/../../../../arm-none-eabi/lib/thumb/v7-m/nofp/crt0.o (exit)
C:/ST/STM32CubeIDE_1.14.1/STM32CubeIDE/plugins/com.st.stm32cube.ide.mcu.externaltools.gnu-tools-for-stm32.11.3.rel1.win32_1.1.100.202309141235/tools/bin/../lib/gcc/arm-none-eabi/11.3.1/../../../../arm-none-eabi/lib/thumb/v7-m/nofp\libc_nano.a(libc_a-findfp.o)
                              C:/ST/STM32CubeIDE_1.14.1/STM32CubeIDE/plugins/com.st.stm32cube.ide.mcu.externaltools.gnu-tools-for-stm32.11.3.rel1.win32_1.1.100.202309141235/tools/bin/../lib/gcc/arm-none-eabi/11.3.1/../../../../arm-none-eabi/lib/thumb/v7-m/nofp\libc_nano.a(libc_a-exit.o) (__stdio_exit_handler)
C:/ST/STM32CubeIDE_1.14.1/STM32CubeIDE/plugins/com.st.stm32cube.ide.mcu.externaltools.gnu-tools-for-stm32.11.3.rel1.win32_1.1.100.202309141235/tools/bin/../lib/gcc/arm-none-eabi/11.3.1/../../../../arm-none-eabi/lib/thumb/v7-m/nofp\libc_nano.a(libc_a-fwalk.o)
                              C:/ST/STM32CubeIDE_1.14.1/STM32CubeIDE/plugins/com.st.stm32cube.ide.mcu.externaltools.gnu-tools-for-stm32.11.3.rel1.win32_1.1.100.202309141235/tools/bin/../lib/gcc/arm-none-eabi/11.3.1/../../../../arm-none-eabi/lib/thumb/v7-m/nofp\libc_nano.a(libc_a-findfp.o) (_fwalk_sglue)
C:/ST/STM32CubeIDE_1.14.1/STM32CubeIDE/plugins/com.st.stm32cube.ide.mcu.externaltools.gnu-tools-for-stm32.11.3.rel1.win32_1.1.100.202309141235/tools/bin/../lib/gcc/arm-none-eabi/11.3.1/../../../../arm-none-eabi/lib/thumb/v7-m/nofp\libc_nano.a(libc_a-sprintf.o)
                              ./HAL/lcd_driver/lcd_driver.o (sprintf)
C:/ST/STM32CubeIDE_1.14.1/STM32CubeIDE/plugins/com.st.stm32cube.ide.mcu.externaltools.gnu-tools-for-stm32.11.3.rel1.win32_1.1.100.202309141235/tools/bin/../lib/gcc/arm-none-eabi/11.3.1/../../../../arm-none-eabi/lib/thumb/v7-m/nofp\libc_nano.a(libc_a-stdio.o)
                              C:/ST/STM32CubeIDE_1.14.1/STM32CubeIDE/plugins/com.st.stm32cube.ide.mcu.externaltools.gnu-tools-for-stm32.11.3.rel1.win32_1.1.100.202309141235/tools/bin/../lib/gcc/arm-none-eabi/11.3.1/../../../../arm-none-eabi/lib/thumb/v7-m/nofp\libc_nano.a(libc_a-findfp.o) (__sread)
C:/ST/STM32CubeIDE_1.14.1/STM32CubeIDE/plugins/com.st.stm32cube.ide.mcu.externaltools.gnu-tools-for-stm32.11.3.rel1.win32_1.1.100.202309141235/tools/bin/../lib/gcc/arm-none-eabi/11.3.1/../../../../arm-none-eabi/lib/thumb/v7-m/nofp\libc_nano.a(libc_a-memset.o)
                              C:/ST/STM32CubeIDE_1.14.1/STM32CubeIDE/plugins/com.st.stm32cube.ide.mcu.externaltools.gnu-tools-for-stm32.11.3.rel1.win32_1.1.100.202309141235/tools/bin/../lib/gcc/arm-none-eabi/11.3.1/../../../../arm-none-eabi/lib/thumb/v7-m/nofp/crt0.o (memset)
C:/ST/STM32CubeIDE_1.14.1/STM32CubeIDE/plugins/com.st.stm32cube.ide.mcu.externaltools.gnu-tools-for-stm32.11.3.rel1.win32_1.1.100.202309141235/tools/bin/../lib/gcc/arm-none-eabi/11.3.1/../../../../arm-none-eabi/lib/thumb/v7-m/nofp\libc_nano.a(libc_a-closer.o)
                              C:/ST/STM32CubeIDE_1.14.1/STM32CubeIDE/plugins/com.st.stm32cube.ide.mcu.externaltools.gnu-tools-for-stm32.11.3.rel1.win32_1.1.100.202309141235/tools/bin/../lib/gcc/arm-none-eabi/11.3.1/../../../../arm-none-eabi/lib/thumb/v7-m/nofp\libc_nano.a(libc_a-stdio.o) (_close_r)
C:/ST/STM32CubeIDE_1.14.1/STM32CubeIDE/plugins/com.st.stm32cube.ide.mcu.externaltools.gnu-tools-for-stm32.11.3.rel1.win32_1.1.100.202309141235/tools/bin/../lib/gcc/arm-none-eabi/11.3.1/../../../../arm-none-eabi/lib/thumb/v7-m/nofp\libc_nano.a(libc_a-reent.o)
                              C:/ST/STM32CubeIDE_1.14.1/STM32CubeIDE/plugins/com.st.stm32cube.ide.mcu.externaltools.gnu-tools-for-stm32.11.3.rel1.win32_1.1.100.202309141235/tools/bin/../lib/gcc/arm-none-eabi/11.3.1/../../../../arm-none-eabi/lib/thumb/v7-m/nofp\libc_nano.a(libc_a-closer.o) (errno)
C:/ST/STM32CubeIDE_1.14.1/STM32CubeIDE/plugins/com.st.stm32cube.ide.mcu.externaltools.gnu-tools-for-stm32.11.3.rel1.win32_1.1.100.202309141235/tools/bin/../lib/gcc/arm-none-eabi/11.3.1/../../../../arm-none-eabi/lib/thumb/v7-m/nofp\libc_nano.a(libc_a-impure.o)
                              C:/ST/STM32CubeIDE_1.14.1/STM32CubeIDE/plugins/com.st.stm32cube.ide.mcu.externaltools.gnu-tools-for-stm32.11.3.rel1.win32_1.1.100.202309141235/tools/bin/../lib/gcc/arm-none-eabi/11.3.1/../../../../arm-none-eabi/lib/thumb/v7-m/nofp\libc_nano.a(libc_a-sprintf.o) (_impure_ptr)
[...]
Memory Configuration

Name             Origin             Length             Attributes
RAM              0x0000000020000000 0x0000000000002800 xrw
FLASH            0x0000000008000000 0x0000000000008000 xr
*default*        0x0000000000000000 0xffffffffffffffff

Linker script and memory map

LOAD C:/ST/STM32CubeIDE_1.14.1/STM32CubeIDE/plugins/com.st.stm32cube.ide.mcu.externaltools.gnu-tools-for-stm32.11.3.rel1.win32_1.1.100.202309141235/tools/bin/../lib/gcc/arm-none-eabi/11.3.1/thumb/v7-m/nofp/crti.o
LOAD C:/ST/STM32CubeIDE_1.14.1/STM32CubeIDE/plugins/com.st.stm32cube.ide.mcu.externaltools.gnu-tools-for-stm32.11.3.rel1.win32_1.1.100.202309141235/tools/bin/../lib/gcc/arm-none-eabi/11.3.1/thumb/v7-m/nofp/crtbegin.o
LOAD C:/ST/STM32CubeIDE_1.14.1/STM32CubeIDE/plugins/com.st.stm32cube.ide.mcu.externaltools.gnu-tools-for-stm32.11.3.rel1.win32_1.1.100.202309141235/tools/bin/../lib/gcc/arm-none-eabi/11.3.1/../../../../arm-none-eabi/lib/thumb/v7-m/nofp/crt0.o
LOAD ./APP/U8L5_spi.o
LOAD ./APP/U8L7_I2C_EEPROM.o
LOAD ./HAL/EEPROM.o
LOAD ./HAL/keypad_driver/keypad_Driver.o
LOAD ./HAL/lcd_driver/lcd_driver.o
LOAD ./STM32F103C6_Drivers/STM32F103C6_EXTI_Driver.o
LOAD ./STM32F103C6_Drivers/STM32F103C6_GPIO_Driver.o
LOAD ./STM32F103C6_Drivers/STM32F103C6_I2C_Driver.o
LOAD ./STM32F103C6_Drivers/STM32F103C6_RCC_Drivers.o
LOAD ./STM32F103C6_Drivers/STM32F103C6_SPI_Driver.o
LOAD ./STM32F103C6_Drivers/STM32F103C6_USART_Drivers.o
LOAD ./Src/main.o
LOAD ./Src/syscalls.o
LOAD ./Src/sysmem.o
LOAD ./Startup/startup_stm32f103c6tx.o
START GROUP
LOAD C:/ST/STM32CubeIDE_1.14.1/STM32CubeIDE/plugins/com.st.stm32cube.ide.mcu.externaltools.gnu-tools-for-stm32.11.3.rel1.win32_1.1.100.202309141235/tools/bin/../lib/gcc/arm-none-eabi/11.3.1/../../../../arm-none-eabi/lib/thumb/v7-m/nofp\libc_nano.a
LOAD C:/ST/STM32CubeIDE_1.14.1/STM32CubeIDE/plugins/com.st.stm32cube.ide.mcu.externaltools.gnu-tools-for-stm32.11.3.rel1.win32_1.1.100.202309141235/tools/bin/../lib/gcc/arm-none-eabi/11.3.1/../../../../arm-none-eabi/lib/thumb/v7-m/nofp\libm.a
END GROUP
START GROUP
LOAD C:/ST/STM32CubeIDE_1.14.1/STM32CubeIDE/plugins/com.st.stm32cube.ide.mcu.externaltools.gnu-tools-for-stm32.11.3.rel1.win32_1.1.100.202309141235/tools/bin/../lib/gcc/arm-none-eabi/11.3.1/thumb/v7-m/nofp\libgcc.a
LOAD C:/ST/STM32CubeIDE_1.14.1/STM32CubeIDE/plugins/com.st.stm32cube.ide.mcu.externaltools.gnu-tools-for-stm32.11.3.rel1.win32_1.1.100.202309141235/tools/bin/../lib/gcc/arm-none-eabi/11.3.1/../../../../arm-none-eabi/lib/thumb/v7-m/nofp\libg_nano.a
LOAD C:/ST/STM32CubeIDE_1.14.1/STM32CubeIDE/plugins/com.st.stm32cube.ide.mcu.externaltools.gnu-tools-for-stm32.11.3.rel1.win32_1.1.100.202309141235/tools/bin/../lib/gcc/arm-none-eabi/11.3.1/../../../../arm-none-eabi/lib/thumb/v7-m/nofp\libc_nano.a
END GROUP
START GROUP
LOAD C:/ST/STM32CubeIDE_1.14.1/STM32CubeIDE/plugins/com.st.stm32cube.ide.mcu.externaltools.gnu-tools-for-stm32.11.3.rel1.win32_1.1.100.202309141235/tools/bin/../lib/gcc/arm-none-eabi/11.3.1/thumb/v7-m/nofp\libgcc.a
LOAD C:/ST/STM32CubeIDE_1.14.1/STM32CubeIDE/plugins/com.st.stm32cube.ide.mcu.externaltools.gnu-tools-for-stm32.11.3.rel1.win32_1.1.100.202309141235/tools/bin/../lib/gcc/arm-none-eabi/11.3.1/../../../../arm-none-eabi/lib/thumb/v7-m/nofp\libc_nano.a
LOAD C:/ST/STM32CubeIDE_1.14.1/STM32CubeIDE/plugins/com.st.stm32cube.ide.mcu.externaltools.gnu-tools-for-stm32.11.3.rel1.win32_1.1.100.202309141235/tools/bin/../lib/gcc/arm-none-eabi/11.3.1/../../../../arm-none-eabi/lib/thumb/v7-m/nofp\libnosys.a
END GROUP
START GROUP
LOAD C:/ST/STM32CubeIDE_1.14.1/STM32CubeIDE/plugins/com.st.stm32cube.ide.mcu.externaltools.gnu-tools-for-stm32.11.3.rel1.win32_1.1.100.202309141235/tools/bin/../lib/gcc/arm-none-eabi/11.3.1/thumb/v7-m/nofp\libgcc.a
LOAD C:/ST/STM32CubeIDE_1.14.1/STM32CubeIDE/plugins/com.st.stm32cube.ide.mcu.externaltools.gnu-tools-for-stm32.11.3.rel1.win32_1.1.100.202309141235/tools/bin/../lib/gcc/arm-none-eabi/11.3.1/../../../../arm-none-eabi/lib/thumb/v7-m/nofp\libc_nano.a
LOAD C:/ST/STM32CubeIDE_1.14.1/STM32CubeIDE/plugins/com.st.stm32cube.ide.mcu.externaltools.gnu-tools-for-stm32.11.3.rel1.win32_1.1.100.202309141235/tools/bin/../lib/gcc/arm-none-eabi/11.3.1/../../../../arm-none-eabi/lib/thumb/v7-m/nofp\libnosys.a
END GROUP
LOAD C:/ST/STM32CubeIDE_1.14.1/STM32CubeIDE/plugins/com.st.stm32cube.ide.mcu.externaltools.gnu-tools-for-stm32.11.3.rel1.win32_1.1.100.202309141235/tools/bin/../lib/gcc/arm-none-eabi/11.3.1/thumb/v7-m/nofp/crtend.o
LOAD C:/ST/STM32CubeIDE_1.14.1/STM32CubeIDE/plugins/com.st.stm32cube.ide.mcu.externaltools.gnu-tools-for-stm32.11.3.rel1.win32_1.1.100.202309141235/tools/bin/../lib/gcc/arm-none-eabi/11.3.1/thumb/v7-m/nofp/crtn.o
                0x0000000020002800                _estack = (ORIGIN (RAM) + LENGTH (RAM))
                0x0000000000000200                _Min_Heap_Size = 0x200
                0x0000000000000400                _Min_Stack_Size = 0x400

.isr_vector     0x0000000008000000      0x130
                0x0000000008000000                . = ALIGN (0x4)
 *(.isr_vector)
 .isr_vector    0x0000000008000000      0x130 ./Startup/startup_stm32f103c6tx.o
                0x0000000008000000                g_pfnVectors
                0x0000000008000130                . = ALIGN (0x4)

.text           0x0000000008000130      0xacc
                0x0000000008000130                . = ALIGN (0x4)
 *(.text)
 .text          0x0000000008000130       0x40 C:/ST/STM32CubeIDE_1.14.1/STM32CubeIDE/plugins/com.st.stm32cube.ide.mcu.externaltools.gnu-tools-for-stm32.11.3.rel1.win32_1.1.100.202309141235/tools/bin/../lib/gcc/arm-none-eabi/11.3.1/thumb/v7-m/nofp/crtbegin.o
 *(.text*)
 .text.Enable_NVIC
                0x0000000008000170       0xcc ./STM32F103C6_Drivers/STM32F103C6_EXTI_Driver.o
                0x0000000008000170                Enable_NVIC
 .text.Disable_NVIC
                0x000000000800023c       0xcc ./STM32F103C6_Drivers/STM32F103C6_EXTI_Driver.o
                0x000000000800023c                Disable_NVIC
 .text.update_EXTI
                0x0000000008000308      0x1d8 ./STM32F103C6_Drivers/STM32F103C6_EXTI_Driver.o
                0x0000000008000308                update_EXTI
 .text.MCAL_EXTI_GPIO_Init
                0x00000000080004e0       0x16 ./STM32F103C6_Drivers/STM32F103C6_EXTI_Driver.o
                0x00000000080004e0                MCAL_EXTI_GPIO_Init
 *fill*         0x00000000080004f6        0x2 
 .text.EXTI0_IRQHandler
                0x00000000080004f8       0x24 ./STM32F103C6_Drivers/STM32F103C6_EXTI_Driver.o
                0x00000000080004f8                EXTI0_IRQHandler
 .text.EXTI1_IRQHandler
                0x000000000800051c       0x24 ./STM32F103C6_Drivers/STM32F103C6_EXTI_Driver.o
                0x000000000800051c                EXTI1_IRQHandler
 .text.EXTI2_IRQHandler
                0x0000000008000540       0x24 ./STM32F103C6_Drivers/STM32F103C6_EXTI_Driver.o
                0x0000000008000540                EXTI2_IRQHandler
 .text.EXTI3_IRQHandler
                0x0000000008000564       0x24 ./STM32F103C6_Drivers/STM32F103C6_EXTI_Driver.o
                0x0000000008000564                EXTI3_IRQHandler
 .text.EXTI4_IRQHandler
                0x0000000008000588       0x24 ./STM32F103C6_Drivers/STM32F103C6_EXTI_Driver.o
                0x0000000008000588                EXTI4_IRQHandler
 .text.EXTI9_5_IRQHandler
                0x00000000080005ac       0xa8 ./STM32F103C6_Drivers/STM32F103C6_EXTI_Driver.o
                0x00000000080005ac                EXTI9_5_IRQHandler
 .text.EXTI15_10_IRQHandler
                0x0000000008000654       0xc4 ./STM32F103C6_Drivers/STM32F103C6_EXTI_Driver.o
                0x0000000008000654                EXTI15_10_IRQHandler
 .text.Get_CRLH_Position
                0x0000000008000718      0x170 ./STM32F103C6_Drivers/STM32F103C6_GPIO_Driver.o
                0x0000000008000718                Get_CRLH_Position
 .text.MCAL_GPIO_Init
                0x0000000008000888       0xfe ./STM32F103C6_Drivers/STM32F103C6_GPIO_Driver.o
                0x0000000008000888                MCAL_GPIO_Init
 *fill*         0x0000000008000986        0x2 
 .text.SPI1_IRQHandler
                0x0000000008000988       0x5c ./STM32F103C6_Drivers/STM32F103C6_SPI_Driver.o
                0x0000000008000988                SPI1_IRQHandler
 .text.SPI2_IRQHandler
                0x00000000080009e4       0x5c ./STM32F103C6_Drivers/STM32F103C6_SPI_Driver.o
                0x00000000080009e4                SPI2_IRQHandler
 .text.USART1_IRQHandler
                0x0000000008000a40       0x14 ./STM32F103C6_Drivers/STM32F103C6_USART_Drivers.o
                0x0000000008000a40                USART1_IRQHandler
 .text.USART2_IRQHandler
                0x0000000008000a54       0x14 ./STM32F103C6_Drivers/STM32F103C6_USART_Drivers.o
                0x0000000008000a54                USART2_IRQHandler
 .text.USART3_IRQHandler
                0x0000000008000a68       0x14 ./STM32F103C6_Drivers/STM32F103C6_USART_Drivers.o
                0x0000000008000a68                USART3_IRQHandler
 .text.Clock_Init
                0x0000000008000a7c       0x34 ./Src/main.o
                0x0000000008000a7c                Clock_Init
 .text.EXTI9_Callback
                0x0000000008000ab0       0x30 ./Src/main.o
                0x0000000008000ab0                EXTI9_Callback
 .text.main     0x0000000008000ae0       0x68 ./Src/main.o
                0x0000000008000ae0                main
 .text.Reset_Handler
                0x0000000008000b48       0x50 ./Startup/startup_stm32f103c6tx.o
                0x0000000008000b48                Reset_Handler
 .text.Default_Handler
                0x0000000008000b98        0x2 ./Startup/startup_stm32f103c6tx.o
                0x0000000008000b98                TIM8_TRG_COM_IRQHandler
                0x0000000008000b98                TIM8_CC_IRQHandler
                0x0000000008000b98                DebugMon_Handler
                0x0000000008000b98                TIM1_CC_IRQHandler
                0x0000000008000b98                HardFault_Handler
                0x0000000008000b98                TIM6_IRQHandler
                0x0000000008000b98                SysTick_Handler
                0x0000000008000b98                PVD_IRQHandler
                0x0000000008000b98                SDIO_IRQHandler
                0x0000000008000b98                PendSV_Handler
                0x0000000008000b98                NMI_Handler
                0x0000000008000b98                USB_HP_CAN_TX_IRQHandler
                0x0000000008000b98                I2C2_EV_IRQHandler
                0x0000000008000b98                UsageFault_Handler
                0x0000000008000b98                ADC1_2_IRQHandler
                0x0000000008000b98                CAN_SCE_IRQHandler
                0x0000000008000b98                TAMPER_IRQHandler
                0x0000000008000b98                TIM8_UP_IRQHandler
                0x0000000008000b98                DMA2_Channel2_IRQHandler
                0x0000000008000b98                DMA1_Channel4_IRQHandler
                0x0000000008000b98                RTC_IRQHandler
                0x0000000008000b98                DMA1_Channel7_IRQHandler
                0x0000000008000b98                UART5_IRQHandler
                0x0000000008000b98                ADC3_IRQHandler
                0x0000000008000b98                TIM4_IRQHandler
                0x0000000008000b98                CAN_RX1_IRQHandler
                0x0000000008000b98                DMA2_Channel1_IRQHandler
                0x0000000008000b98                I2C1_EV_IRQHandler
                0x0000000008000b98                DMA1_Channel6_IRQHandler
                0x0000000008000b98                UART4_IRQHandler
                0x0000000008000b98                TIM3_IRQHandler
                0x0000000008000b98                RCC_IRQHandler
                0x0000000008000b98                TIM1_TRG_COM_IRQHandler
                0x0000000008000b98                DMA1_Channel1_IRQHandler
                0x0000000008000b98                Default_Handler
                0x0000000008000b98                TIM7_IRQHandler
                0x0000000008000b98                TIM5_IRQHandler
                0x0000000008000b98                USB_LP_CAN_RX0_IRQHandler
                0x0000000008000b98                MemManage_Handler
                0x0000000008000b98                SVC_Handler
                0x0000000008000b98                DMA1_Channel5_IRQHandler
                0x0000000008000b98                DMA1_Channel3_IRQHandler
                0x0000000008000b98                FSMC_IRQHandler
                0x0000000008000b98                TIM1_UP_IRQHandler
                0x0000000008000b98                WWDG_IRQHandler
                0x0000000008000b98                TIM2_IRQHandler
                0x0000000008000b98                TIM1_BRK_IRQHandler
                0x0000000008000b98                RTCAlarm_IRQHandler
                0x0000000008000b98                DMA2_Channel4_5_IRQHandler
                0x0000000008000b98                I2C2_ER_IRQHandler
                0x0000000008000b98                DMA1_Channel2_IRQHandler
                0x0000000008000b98                TIM8_BRK_IRQHandler
                0x0000000008000b98                FLASH_IRQHandler
                0x0000000008000b98                BusFault_Handler
                0x0000000008000b98                SPI3_IRQHandler
                0x0000000008000b98                I2C1_ER_IRQHandler
                0x0000000008000b98                DMA2_Channel3_IRQHandler
 *fill*         0x0000000008000b9a        0x2 
 .text.__libc_init_array
                0x0000000008000b9c       0x48 C:/ST/STM32CubeIDE_1.14.1/STM32CubeIDE/plugins/com.st.stm32cube.ide.mcu.externaltools.gnu-tools-for-stm32.11.3.rel1.win32_1.1.100.202309141235/tools/bin/../lib/gcc/arm-none-eabi/11.3.1/../../../../arm-none-eabi/lib/thumb/v7-m/nofp\libc_nano.a(libc_a-init.o)
                0x0000000008000b9c                __libc_init_array
 *(.glue_7)
 .glue_7        0x0000000008000be4        0x0 linker stubs
 *(.glue_7t)
 .glue_7t       0x0000000008000be4        0x0 linker stubs
 *(.eh_frame)
 .eh_frame      0x0000000008000be4        0x0 C:/ST/STM32CubeIDE_1.14.1/STM32CubeIDE/plugins/com.st.stm32cube.ide.mcu.externaltools.gnu-tools-for-stm32.11.3.rel1.win32_1.1.100.202309141235/tools/bin/../lib/gcc/arm-none-eabi/11.3.1/thumb/v7-m/nofp/crtbegin.o
 *(.init)
 .init          0x0000000008000be4        0x4 C:/ST/STM32CubeIDE_1.14.1/STM32CubeIDE/plugins/com.st.stm32cube.ide.mcu.externaltools.gnu-tools-for-stm32.11.3.rel1.win32_1.1.100.202309141235/tools/bin/../lib/gcc/arm-none-eabi/11.3.1/thumb/v7-m/nofp/crti.o
                0x0000000008000be4                _init
 .init          0x0000000008000be8        0x8 C:/ST/STM32CubeIDE_1.14.1/STM32CubeIDE/plugins/com.st.stm32cube.ide.mcu.externaltools.gnu-tools-for-stm32.11.3.rel1.win32_1.1.100.202309141235/tools/bin/../lib/gcc/arm-none-eabi/11.3.1/thumb/v7-m/nofp/crtn.o
 *(.fini)
 .fini          0x0000000008000bf0        0x4 C:/ST/STM32CubeIDE_1.14.1/STM32CubeIDE/plugins/com.st.stm32cube.ide.mcu.externaltools.gnu-tools-for-stm32.11.3.rel1.win32_1.1.100.202309141235/tools/bin/../lib/gcc/arm-none-eabi/11.3.1/thumb/v7-m/nofp/crti.o
                0x0000000008000bf0                _fini
 .fini          0x0000000008000bf4        0x8 C:/ST/STM32CubeIDE_1.14.1/STM32CubeIDE/plugins/com.st.stm32cube.ide.mcu.externaltools.gnu-tools-for-stm32.11.3.rel1.win32_1.1.100.202309141235/tools/bin/../lib/gcc/arm-none-eabi/11.3.1/thumb/v7-m/nofp/crtn.o
                0x0000000008000bfc                . = ALIGN (0x4)
                0x0000000008000bfc                _etext = .

.vfp11_veneer   0x0000000008000bfc        0x0
 .vfp11_veneer  0x0000000008000bfc        0x0 linker stubs

.v4_bx          0x0000000008000bfc        0x0
 .v4_bx         0x0000000008000bfc        0x0 linker stubs

.iplt           0x0000000008000bfc        0x0
 .iplt          0x0000000008000bfc        0x0 C:/ST/STM32CubeIDE_1.14.1/STM32CubeIDE/plugins/com.st.stm32cube.ide.mcu.externaltools.gnu-tools-for-stm32.11.3.rel1.win32_1.1.100.202309141235/tools/bin/../lib/gcc/arm-none-eabi/11.3.1/thumb/v7-m/nofp/crtbegin.o

.rodata         0x0000000008000bfc        0xc
                0x0000000008000bfc                . = ALIGN (0x4)
 *(.rodata)
 .rodata        0x0000000008000bfc        0xc ./Src/main.o
 *(.rodata*)
                0x0000000008000c08                . = ALIGN (0x4)

.rel.dyn        0x0000000008000c08        0x0
 .rel.iplt      0x0000000008000c08        0x0 C:/ST/STM32CubeIDE_1.14.1/STM32CubeIDE/plugins/com.st.stm32cube.ide.mcu.externaltools.gnu-tools-for-stm32.11.3.rel1.win32_1.1.100.202309141235/tools/bin/../lib/gcc/arm-none-eabi/11.3.1/thumb/v7-m/nofp/crtbegin.o

.ARM.extab      0x0000000008000c08        0x0
                0x0000000008000c08                . = ALIGN (0x4)
 *(.ARM.extab* .gnu.linkonce.armextab.*)
                0x0000000008000c08                . = ALIGN (0x4)

.ARM            0x0000000008000c08        0x0
                0x0000000008000c08                . = ALIGN (0x4)
                0x0000000008000c08                __exidx_start = .
 *(.ARM.exidx*)
                0x0000000008000c08                __exidx_end = .
                0x0000000008000c08                . = ALIGN (0x4)

.preinit_array  0x0000000008000c08        0x0
                0x0000000008000c08                . = ALIGN (0x4)
                0x0000000008000c08                PROVIDE (__preinit_array_start = .)
 *(.preinit_array*)
                0x0000000008000c08                PROVIDE (__preinit_array_end = .)
                0x0000000008000c08                . = ALIGN (0x4)

.init_array     0x0000000008000c08        0x4
                0x0000000008000c08                . = ALIGN (0x4)
                0x0000000008000c08                PROVIDE (__init_array_start = .)
 *(SORT_BY_NAME(.init_array.*))
 *(.init_array*)
 .init_array    0x0000000008000c08        0x4 C:/ST/STM32CubeIDE_1.14.1/STM32CubeIDE/plugins/com.st.stm32cube.ide.mcu.externaltools.gnu-tools-for-stm32.11.3.rel1.win32_1.1.100.202309141235/tools/bin/../lib/gcc/arm-none-eabi/11.3.1/thumb/v7-m/nofp/crtbegin.o
                0x0000000008000c0c                PROVIDE (__init_array_end = .)
                0x0000000008000c0c                . = ALIGN (0x4)

.fini_array     0x0000000008000c0c        0x4
                0x0000000008000c0c                . = ALIGN (0x4)
                [!provide]                        PROVIDE (__fini_array_start = .)
 *(SORT_BY_NAME(.fini_array.*))
 *(.fini_array*)
 .fini_array    0x0000000008000c0c        0x4 C:/ST/STM32CubeIDE_1.14.1/STM32CubeIDE/plugins/com.st.stm32cube.ide.mcu.externaltools.gnu-tools-for-stm32.11.3.rel1.win32_1.1.100.202309141235/tools/bin/../lib/gcc/arm-none-eabi/11.3.1/thumb/v7-m/nofp/crtbegin.o
                [!provide]                        PROVIDE (__fini_array_end = .)
                0x0000000008000c10                . = ALIGN (0x4)
                0x0000000008000c10                _sidata = LOADADDR (.data)

.data           0x0000000020000000        0x0 load address 0x0000000008000c10
                0x0000000020000000                . = ALIGN (0x4)
                0x0000000020000000                _sdata = .
 *(.data)
 *(.data*)
 *(.RamFunc)
 *(.RamFunc*)
                0x0000000020000000                . = ALIGN (0x4)
                0x0000000020000000                _edata = .

.igot.plt       0x0000000020000000        0x0 load address 0x0000000008000c10
 .igot.plt      0x0000000020000000        0x0 C:/ST/STM32CubeIDE_1.14.1/STM32CubeIDE/plugins/com.st.stm32cube.ide.mcu.externaltools.gnu-tools-for-stm32.11.3.rel1.win32_1.1.100.202309141235/tools/bin/../lib/gcc/arm-none-eabi/11.3.1/thumb/v7-m/nofp/crtbegin.o
                0x0000000020000000                . = ALIGN (0x4)

.bss            0x0000000020000000       0x70 load address 0x0000000008000c10
                0x0000000020000000                _sbss = .
                0x0000000020000000                __bss_start__ = _sbss
 *(.bss)
 .bss           0x0000000020000000       0x1c C:/ST/STM32CubeIDE_1.14.1/STM32CubeIDE/plugins/com.st.stm32cube.ide.mcu.externaltools.gnu-tools-for-stm32.11.3.rel1.win32_1.1.100.202309141235/tools/bin/../lib/gcc/arm-none-eabi/11.3.1/thumb/v7-m/nofp/crtbegin.o
 *(.bss*)
 .bss.GP_IRQ_CallBack
                0x000000002000001c       0x3c ./STM32F103C6_Drivers/STM32F103C6_EXTI_Driver.o
                0x000000002000001c                GP_IRQ_CallBack
 .bss.Global_SPI_Config
                0x0000000020000058        0x8 ./STM32F103C6_Drivers/STM32F103C6_SPI_Driver.o
                0x0000000020000058                Global_SPI_Config
 .bss.Global_UART_Config
                0x0000000020000060        0x4 ./STM32F103C6_Drivers/STM32F103C6_USART_Drivers.o
                0x0000000020000060                Global_UART_Config
 .bss.cpu_control_register
                0x0000000020000064        0x4 ./Src/main.o
                0x0000000020000064                cpu_control_register
 .bss.cpu_IPSR_register
                0x0000000020000068        0x4 ./Src/main.o
                0x0000000020000068                cpu_IPSR_register
 .bss.IRQ_Flag  0x000000002000006c        0x1 ./Src/main.o
                0x000000002000006c                IRQ_Flag
 *(COMMON)
                0x0000000020000070                . = ALIGN (0x4)
 *fill*         0x000000002000006d        0x3 
                0x0000000020000070                _ebss = .
                0x0000000020000070                __bss_end__ = _ebss

._user_heap_stack
                0x0000000020000070      0x600 load address 0x0000000008000c10
                0x0000000020000070                . = ALIGN (0x8)
                [!provide]                        PROVIDE (end = .)
                0x0000000020000070                PROVIDE (_end = .)
                0x0000000020000270                . = (. + _Min_Heap_Size)
 *fill*         0x0000000020000070      0x200 
                0x0000000020000670                . = (. + _Min_Stack_Size)
 *fill*         0x0000000020000270      0x400 
                0x0000000020000670                . = ALIGN (0x8)

/DISCARD/
 libc.a(*)
 libm.a(*)
 libgcc.a(*)

.ARM.attributes
                0x0000000000000000       0x29
 *(.ARM.attributes)
 .ARM.attributes
                0x0000000000000000       0x1d C:/ST/STM32CubeIDE_1.14.1/STM32CubeIDE/plugins/com.st.stm32cube.ide.mcu.externaltools.gnu-tools-for-stm32.11.3.rel1.win32_1.1.100.202309141235/tools/bin/../lib/gcc/arm-none-eabi/11.3.1/thumb/v7-m/nofp/crti.o
 .ARM.attributes
                0x000000000000001d       0x2d C:/ST/STM32CubeIDE_1.14.1/STM32CubeIDE/plugins/com.st.stm32cube.ide.mcu.externaltools.gnu-tools-for-stm32.11.3.rel1.win32_1.1.100.202309141235/tools/bin/../lib/gcc/arm-none-eabi/11.3.1/thumb/v7-m/nofp/crtbegin.o
 .ARM.attributes
                0x000000000000004a       0x2d ./STM32F103C6_Drivers/STM32F103C6_EXTI_Driver.o
 .ARM.attributes
                0x0000000000000077       0x2d ./STM32F103C6_Drivers/STM32F103C6_GPIO_Driver.o
 .ARM.attributes
                0x00000000000000a4       0x2d ./STM32F103C6_Drivers/STM32F103C6_SPI_Driver.o
 .ARM.attributes
                0x00000000000000d1       0x2d ./STM32F103C6_Drivers/STM32F103C6_USART_Drivers.o
 .ARM.attributes
                0x00000000000000fe       0x2d ./Src/main.o
 .ARM.attributes
                0x000000000000012b       0x21 ./Startup/startup_stm32f103c6tx.o
 .ARM.attributes
                0x000000000000014c       0x2d C:/ST/STM32CubeIDE_1.14.1/STM32CubeIDE/plugins/com.st.stm32cube.ide.mcu.externaltools.gnu-tools-for-stm32.11.3.rel1.win32_1.1.100.202309141235/tools/bin/../lib/gcc/arm-none-eabi/11.3.1/../../../../arm-none-eabi/lib/thumb/v7-m/nofp\libc_nano.a(libc_a-init.o)
 .ARM.attributes
                0x0000000000000179       0x1d C:/ST/STM32CubeIDE_1.14.1/STM32CubeIDE/plugins/com.st.stm32cube.ide.mcu.externaltools.gnu-tools-for-stm32.11.3.rel1.win32_1.1.100.202309141235/tools/bin/../lib/gcc/arm-none-eabi/11.3.1/thumb/v7-m/nofp/crtn.o
OUTPUT(arm.axf elf32-littlearm)
LOAD linker stubs
LOAD C:/ST/STM32CubeIDE_1.14.1/STM32CubeIDE/plugins/com.st.stm32cube.ide.mcu.externaltools.gnu-tools-for-stm32.11.3.rel1.win32_1.1.100.202309141235/tools/bin/../lib/gcc/arm-none-eabi/11.3.1/../../../../arm-none-eabi/lib/thumb/v7-m/nofp\libc.a
LOAD C:/ST/STM32CubeIDE_1.14.1/STM32CubeIDE/plugins/com.st.stm32cube.ide.mcu.externaltools.gnu-tools-for-stm32.11.3.rel1.win32_1.1.100.202309141235/tools/bin/../lib/gcc/arm-none-eabi/11.3.1/../../../../arm-none-eabi/lib/thumb/v7-m/nofp\libm.a
LOAD C:/ST/STM32CubeIDE_1.14.1/STM32CubeIDE/plugins/com.st.stm32cube.ide.mcu.externaltools.gnu-tools-for-stm32.11.3.rel1.win32_1.1.100.202309141235/tools/bin/../lib/gcc/arm-none-eabi/11.3.1/thumb/v7-m/nofp\libgcc.a

.comment        0x0000000000000000       0x43
 .comment       0x0000000000000000       0x43 C:/ST/STM32CubeIDE_1.14.1/STM32CubeIDE/plugins/com.st.stm32cube.ide.mcu.externaltools.gnu-tools-for-stm32.11.3.rel1.win32_1.1.100.202309141235/tools/bin/../lib/gcc/arm-none-eabi/11.3.1/thumb/v7-m/nofp/crtbegin.o
                                         0x44 (size before relaxing)
 .comment       0x0000000000000043       0x44 ./STM32F103C6_Drivers/STM32F103C6_EXTI_Driver.o
 .comment       0x0000000000000043       0x44 ./STM32F103C6_Drivers/STM32F103C6_GPIO_Driver.o
 .comment       0x0000000000000043       0x44 ./STM32F103C6_Drivers/STM32F103C6_SPI_Driver.o
 .comment       0x0000000000000043       0x44 ./STM32F103C6_Drivers/STM32F103C6_USART_Drivers.o
 .comment       0x0000000000000043       0x44 ./Src/main.o

.debug_info     0x0000000000000000     0x1ab0
 .debug_info    0x0000000000000000      0x531 ./STM32F103C6_Drivers/STM32F103C6_EXTI_Driver.o
 .debug_info    0x0000000000000531      0x4b9 ./STM32F103C6_Drivers/STM32F103C6_GPIO_Driver.o
 .debug_info    0x00000000000009ea      0x723 ./STM32F103C6_Drivers/STM32F103C6_SPI_Driver.o
 .debug_info    0x000000000000110d      0x607 ./STM32F103C6_Drivers/STM32F103C6_USART_Drivers.o
 .debug_info    0x0000000000001714      0x37a ./Src/main.o
 .debug_info    0x0000000000001a8e       0x22 ./Startup/startup_stm32f103c6tx.o

.debug_abbrev   0x0000000000000000      0x800
 .debug_abbrev  0x0000000000000000      0x1ab ./STM32F103C6_Drivers/STM32F103C6_EXTI_Driver.o
 .debug_abbrev  0x00000000000001ab      0x16f ./STM32F103C6_Drivers/STM32F103C6_GPIO_Driver.o
 .debug_abbrev  0x000000000000031a      0x1f4 ./STM32F103C6_Drivers/STM32F103C6_SPI_Driver.o
 .debug_abbrev  0x000000000000050e      0x1e2 ./STM32F103C6_Drivers/STM32F103C6_USART_Drivers.o
 .debug_abbrev  0x00000000000006f0       0xfe ./Src/main.o
 .debug_abbrev  0x00000000000007ee       0x12 ./Startup/startup_stm32f103c6tx.o

.debug_loc      0x0000000000000000      0xc60
 .debug_loc     0x0000000000000000      0x320 ./STM32F103C6_Drivers/STM32F103C6_EXTI_Driver.o
 .debug_loc     0x0000000000000320      0x330 ./STM32F103C6_Drivers/STM32F103C6_GPIO_Driver.o
 .debug_loc     0x0000000000000650      0x2bc ./STM32F103C6_Drivers/STM32F103C6_SPI_Driver.o
 .debug_loc     0x000000000000090c      0x294 ./STM32F103C6_Drivers/STM32F103C6_USART_Drivers.o
 .debug_loc     0x0000000000000ba0       0xc0 ./Src/main.o

.debug_aranges  0x0000000000000000      0x1f0
 .debug_aranges
                0x0000000000000000       0x80 ./STM32F103C6_Drivers/STM32F103C6_EXTI_Driver.o
 .debug_aranges
                0x0000000000000080       0x60 ./STM32F103C6_Drivers/STM32F103C6_GPIO_Driver.o
 .debug_aranges
                0x00000000000000e0       0x58 ./STM32F103C6_Drivers/STM32F103C6_SPI_Driver.o
 .debug_aranges
                0x0000000000000138       0x60 ./STM32F103C6_Drivers/STM32F103C6_USART_Drivers.o
 .debug_aranges
                0x0000000000000198       0x30 ./Src/main.o
 .debug_aranges
                0x00000000000001c8       0x28 ./Startup/startup_stm32f103c6tx.o

.debug_ranges   0x0000000000000000      0x198
 .debug_ranges  0x0000000000000000       0x70 ./STM32F103C6_Drivers/STM32F103C6_EXTI_Driver.o
 .debug_ranges  0x0000000000000070       0x50 ./STM32F103C6_Drivers/STM32F103C6_GPIO_Driver.o
 .debug_ranges  0x00000000000000c0       0x48 ./STM32F103C6_Drivers/STM32F103C6_SPI_Driver.o
 .debug_ranges  0x0000000000000108       0x50 ./STM32F103C6_Drivers/STM32F103C6_USART_Drivers.o
 .debug_ranges  0x0000000000000158       0x20 ./Src/main.o
 .debug_ranges  0x0000000000000178       0x20 ./Startup/startup_stm32f103c6tx.o

.debug_macro    0x0000000000000000      0xbc5
 .debug_macro   0x0000000000000000      0x15b ./STM32F103C6_Drivers/STM32F103C6_EXTI_Driver.o
 .debug_macro   0x000000000000015b      0x1bf ./STM32F103C6_Drivers/STM32F103C6_EXTI_Driver.o
 .debug_macro   0x000000000000031a      0x14c ./STM32F103C6_Drivers/STM32F103C6_GPIO_Driver.o
 .debug_macro   0x0000000000000466      0x16d ./STM32F103C6_Drivers/STM32F103C6_SPI_Driver.o
 .debug_macro   0x00000000000005d3       0xdd ./STM32F103C6_Drivers/STM32F103C6_SPI_Driver.o
 .debug_macro   0x00000000000006b0      0x155 ./STM32F103C6_Drivers/STM32F103C6_USART_Drivers.o
 .debug_macro   0x0000000000000805      0x103 ./STM32F103C6_Drivers/STM32F103C6_USART_Drivers.o
 .debug_macro   0x0000000000000908      0x1ab ./Src/main.o
 .debug_macro   0x0000000000000ab3      0x112 ./Src/main.o

.debug_line     0x0000000000000000     0x2c04
 .debug_line    0x0000000000000000      0xa5b ./STM32F103C6_Drivers/STM32F103C6_EXTI_Driver.o
 .debug_line    0x0000000000000a5b      0x855 ./STM32F103C6_Drivers/STM32F103C6_GPIO_Driver.o
 .debug_line    0x00000000000012b0      0x92c ./STM32F103C6_Drivers/STM32F103C6_SPI_Driver.o
 .debug_line    0x0000000000001bdc      0x87a ./STM32F103C6_Drivers/STM32F103C6_USART_Drivers.o
 .debug_line    0x0000000000002456      0x72a ./Src/main.o
 .debug_line    0x0000000000002b80       0x84 ./Startup/startup_stm32f103c6tx.o

.debug_str      0x0000000000000000     0xc1f9
 .debug_str     0x0000000000000000     0xaacd ./STM32F103C6_Drivers/STM32F103C6_EXTI_Driver.o
                                       0xace3 (size before relaxing)
 .debug_str     0x000000000000aacd      0x151 ./STM32F103C6_Drivers/STM32F103C6_GPIO_Driver.o
                                       0x9a5b (size before relaxing)
 .debug_str     0x000000000000ac1e      0x7af ./STM32F103C6_Drivers/STM32F103C6_SPI_Driver.o
                                       0xa10a (size before relaxing)
 .debug_str     0x000000000000b3cd      0x8b9 ./STM32F103C6_Drivers/STM32F103C6_USART_Drivers.o
                                       0xa230 (size before relaxing)
 .debug_str     0x000000000000bc86      0x544 ./Src/main.o
                                       0xb036 (size before relaxing)
 .debug_str     0x000000000000c1ca       0x2f ./Startup/startup_stm32f103c6tx.o
                                         0x86 (size before relaxing)

.debug_frame    0x0000000000000000      0x658
 .debug_frame   0x0000000000000000      0x1b0 ./STM32F103C6_Drivers/STM32F103C6_EXTI_Driver.o
 .debug_frame   0x00000000000001b0      0x178 ./STM32F103C6_Drivers/STM32F103C6_GPIO_Driver.o
 .debug_frame   0x0000000000000328      0x148 ./STM32F103C6_Drivers/STM32F103C6_SPI_Driver.o
 .debug_frame   0x0000000000000470      0x14c ./STM32F103C6_Drivers/STM32F103C6_USART_Drivers.o
 .debug_frame   0x00000000000005bc       0x70 ./Src/main.o
 .debug_frame   0x000000000000062c       0x2c C:/ST/STM32CubeIDE_1.14.1/STM32CubeIDE/plugins/com.st.stm32cube.ide.mcu.externaltools.gnu-tools-for-stm32.11.3.rel1.win32_1.1.100.202309141235/tools/bin/../lib/gcc/arm-none-eabi/11.3.1/../../../../arm-none-eabi/lib/thumb/v7-m/nofp\libc_nano.a(libc_a-init.o)
