
Memory Configuration

Name             Origin             Length             Attributes
flash            0x08000000         0x00020000         xr
sram             0x20000000         0x00005000         xrw
*default*        0x00000000         0xffffffff

Linker script and memory map


.text           0x08000000      0x188
 *(.vectors*)
 .vectors       0x08000000       0x1c startup.o
                0x08000000                vectors
 *(.text*)
 .text          0x0800001c       0xa8 main.o
                0x0800001c                main
 .text          0x080000c4       0xc0 startup.o
                0x080000c4                NMI_Handler
                0x080000c4                MM_Handler
                0x080000c4                H_Fault_Handler
                0x080000c4                Default_Handler
                0x080000c4                Bus_Handler
                0x080000c4                Usage_Handler
                0x080000d0                Rest_Handler
 *(.rodata)
 .rodata        0x08000184        0x4 main.o
                0x08000184                const_varible
                0x08000188                _E_text = .

.glue_7         0x08000188        0x0
 .glue_7        0x00000000        0x0 linker stubs

.glue_7t        0x08000188        0x0
 .glue_7t       0x00000000        0x0 linker stubs

.vfp11_veneer   0x08000188        0x0
 .vfp11_veneer  0x00000000        0x0 linker stubs

.v4_bx          0x08000188        0x0
 .v4_bx         0x00000000        0x0 linker stubs

.iplt           0x08000188        0x0
 .iplt          0x00000000        0x0 main.o

.rel.dyn        0x08000188        0x0
 .rel.iplt      0x00000000        0x0 main.o

.data           0x20000000        0x8 load address 0x08000188
                0x20000000                _S_data = .
 *(.data*)
 .data          0x20000000        0x8 main.o
                0x20000000                R_ODR
                0x20000004                g_variable
 .data          0x20000008        0x0 startup.o
                0x20000008                . = ALIGN (0x4)
                0x20000008                _E_data = .

.igot.plt       0x20000008        0x0 load address 0x08000190
 .igot.plt      0x00000000        0x0 main.o

.bss            0x20000008     0x1000 load address 0x08000190
                0x20000008                _S_bss = .
 *(.bss*)
 .bss           0x20000008        0x0 main.o
 .bss           0x20000008        0x0 startup.o
                0x20000008                _E_bss = .
                0x20000008                . = ALIGN (0x4)
                0x20001008                . = (. + 0x1000)
 *fill*         0x20000008     0x1000 
                0x20001008                _stack_top = .
LOAD main.o
LOAD startup.o
OUTPUT(learn-in-depth_cortex_m3.elf elf32-littlearm)

.debug_info     0x00000000      0x2f1
 .debug_info    0x00000000      0x18d main.o
 .debug_info    0x0000018d      0x164 startup.o

.debug_abbrev   0x00000000      0x1da
 .debug_abbrev  0x00000000       0xf9 main.o
 .debug_abbrev  0x000000f9       0xe1 startup.o

.debug_loc      0x00000000       0x9c
 .debug_loc     0x00000000       0x38 main.o
 .debug_loc     0x00000038       0x64 startup.o

.debug_aranges  0x00000000       0x40
 .debug_aranges
                0x00000000       0x20 main.o
 .debug_aranges
                0x00000020       0x20 startup.o

.debug_line     0x00000000       0xd3
 .debug_line    0x00000000       0x6a main.o
 .debug_line    0x0000006a       0x69 startup.o

.debug_str      0x00000000      0x1af
 .debug_str     0x00000000      0x130 main.o
                                0x164 (size before relaxing)
 .debug_str     0x00000130       0x7f startup.o
                                0x11c (size before relaxing)

.comment        0x00000000       0x11
 .comment       0x00000000       0x11 main.o
                                 0x12 (size before relaxing)
 .comment       0x00000000       0x12 startup.o

.ARM.attributes
                0x00000000       0x33
 .ARM.attributes
                0x00000000       0x33 main.o
 .ARM.attributes
                0x00000033       0x33 startup.o

.debug_frame    0x00000000       0x78
 .debug_frame   0x00000000       0x2c main.o
 .debug_frame   0x0000002c       0x4c startup.o
